[    0.000000] Initializing cgroup subsys cpuset
[    0.000000] Initializing cgroup subsys cpu
[    0.000000] Initializing cgroup subsys cpuacct
[    0.000000] Linux version 4.4.0-91-generic (buildd@lcy01-11) (gcc version 5.4.0 20160609 (Ubuntu 5.4.0-6ubuntu1~16.04.4) ) #114-Ubuntu SMP Tue Aug 8 11:56:56 UTC 2017 (Ubuntu 4.4.0-91.114-generic 4.4.76)
[    0.000000] Command line: BOOT_IMAGE=/boot/vmlinuz-4.4.0-91-generic root=LABEL=cloudimg-rootfs ro console=tty1 console=ttyS0
[    0.000000] KERNEL supported cpus:
[    0.000000]   Intel GenuineIntel
[    0.000000]   AMD AuthenticAMD
[    0.000000]   Centaur CentaurHauls
[    0.000000] x86/fpu: xstate_offset[2]:  576, xstate_sizes[2]:  256
[    0.000000] x86/fpu: Supporting XSAVE feature 0x01: 'x87 floating point registers'
[    0.000000] x86/fpu: Supporting XSAVE feature 0x02: 'SSE registers'
[    0.000000] x86/fpu: Supporting XSAVE feature 0x04: 'AVX registers'
[    0.000000] x86/fpu: Enabled xstate features 0x7, context size is 832 bytes, using 'standard' format.
[    0.000000] x86/fpu: Using 'lazy' FPU context switches.
[    0.000000] e820: BIOS-provided physical RAM map:
[    0.000000] BIOS-e820: [mem 0x0000000000000000-0x000000000009fbff] usable
[    0.000000] BIOS-e820: [mem 0x000000000009fc00-0x000000000009ffff] reserved
[    0.000000] BIOS-e820: [mem 0x00000000000f0000-0x00000000000fffff] reserved
[    0.000000] BIOS-e820: [mem 0x0000000000100000-0x000000003ffeffff] usable
[    0.000000] BIOS-e820: [mem 0x000000003fff0000-0x000000003fffffff] ACPI data
[    0.000000] BIOS-e820: [mem 0x00000000fec00000-0x00000000fec00fff] reserved
[    0.000000] BIOS-e820: [mem 0x00000000fee00000-0x00000000fee00fff] reserved
[    0.000000] BIOS-e820: [mem 0x00000000fffc0000-0x00000000ffffffff] reserved
[    0.000000] NX (Execute Disable) protection: active
[    0.000000] SMBIOS 2.5 present.
[    0.000000] Hypervisor detected: KVM
[    0.000000] e820: last_pfn = 0x3fff0 max_arch_pfn = 0x400000000
[    0.000000] MTRR: Disabled
[    0.000000] x86/PAT: MTRRs disabled, skipping PAT initialization too.
[    0.000000] x86/PAT: Configuration [0-7]: WB  WT  UC- UC  WB  WT  UC- UC  
[    0.000000] CPU MTRRs all blank - virtualized system.
[    0.000000] found SMP MP-table at [mem 0x0009fff0-0x0009ffff] mapped at [ffff88000009fff0]
[    0.000000] Scanning 1 areas for low memory corruption
[    0.000000] RAMDISK: [mem 0x36ac6000-0x3755afff]
[    0.000000] ACPI: Early table checksum verification disabled
[    0.000000] ACPI: RSDP 0x00000000000E0000 000024 (v02 VBOX  )
[    0.000000] ACPI: XSDT 0x000000003FFF0030 00003C (v01 VBOX   VBOXXSDT 00000001 ASL  00000061)
[    0.000000] ACPI: FACP 0x000000003FFF00F0 0000F4 (v04 VBOX   VBOXFACP 00000001 ASL  00000061)
[    0.000000] ACPI: DSDT 0x000000003FFF0470 0021C8 (v02 VBOX   VBOXBIOS 00000002 INTL 20100528)
[    0.000000] ACPI: FACS 0x000000003FFF0200 000040
[    0.000000] ACPI: FACS 0x000000003FFF0200 000040
[    0.000000] ACPI: APIC 0x000000003FFF0240 000054 (v02 VBOX   VBOXAPIC 00000001 ASL  00000061)
[    0.000000] ACPI: SSDT 0x000000003FFF02A0 0001CC (v01 VBOX   VBOXCPUT 00000002 INTL 20100528)
[    0.000000] No NUMA configuration found
[    0.000000] Faking a node at [mem 0x0000000000000000-0x000000003ffeffff]
[    0.000000] NODE_DATA(0) allocated [mem 0x3ffeb000-0x3ffeffff]
[    0.000000] kvm-clock: Using msrs 4b564d01 and 4b564d00
[    0.000000] kvm-clock: cpu 0, msr 0:3ffe3001, primary cpu clock
[    0.000000] kvm-clock: using sched offset of 4556226670 cycles
[    0.000000] clocksource: kvm-clock: mask: 0xffffffffffffffff max_cycles: 0x1cd42e4dffb, max_idle_ns: 881590591483 ns
[    0.000000] Zone ranges:
[    0.000000]   DMA      [mem 0x0000000000001000-0x0000000000ffffff]
[    0.000000]   DMA32    [mem 0x0000000001000000-0x000000003ffeffff]
[    0.000000]   Normal   empty
[    0.000000]   Device   empty
[    0.000000] Movable zone start for each node
[    0.000000] Early memory node ranges
[    0.000000]   node   0: [mem 0x0000000000001000-0x000000000009efff]
[    0.000000]   node   0: [mem 0x0000000000100000-0x000000003ffeffff]
[    0.000000] Initmem setup node 0 [mem 0x0000000000001000-0x000000003ffeffff]
[    0.000000] ACPI: PM-Timer IO Port: 0x4008
[    0.000000] IOAPIC[0]: apic_id 1, version 32, address 0xfec00000, GSI 0-23
[    0.000000] ACPI: INT_SRC_OVR (bus 0 bus_irq 0 global_irq 2 dfl dfl)
[    0.000000] ACPI: INT_SRC_OVR (bus 0 bus_irq 9 global_irq 9 high level)
[    0.000000] Using ACPI (MADT) for SMP configuration information
[    0.000000] smpboot: Allowing 1 CPUs, 0 hotplug CPUs
[    0.000000] PM: Registered nosave memory: [mem 0x00000000-0x00000fff]
[    0.000000] PM: Registered nosave memory: [mem 0x0009f000-0x0009ffff]
[    0.000000] PM: Registered nosave memory: [mem 0x000a0000-0x000effff]
[    0.000000] PM: Registered nosave memory: [mem 0x000f0000-0x000fffff]
[    0.000000] e820: [mem 0x40000000-0xfebfffff] available for PCI devices
[    0.000000] Booting paravirtualized kernel on KVM
[    0.000000] clocksource: refined-jiffies: mask: 0xffffffff max_cycles: 0xffffffff, max_idle_ns: 7645519600211568 ns
[    0.000000] setup_percpu: NR_CPUS:512 nr_cpumask_bits:512 nr_cpu_ids:1 nr_node_ids:1
[    0.000000] PERCPU: Embedded 33 pages/cpu @ffff88003fc00000 s98264 r8192 d28712 u2097152
[    0.000000] PV qspinlock hash table entries: 256 (order: 0, 4096 bytes)
[    0.000000] Built 1 zonelists in Node order, mobility grouping on.  Total pages: 257913
[    0.000000] Policy zone: DMA32
[    0.000000] Kernel command line: BOOT_IMAGE=/boot/vmlinuz-4.4.0-91-generic root=LABEL=cloudimg-rootfs ro console=tty1 console=ttyS0
[    0.000000] PID hash table entries: 4096 (order: 3, 32768 bytes)
[    0.000000] Memory: 1001872K/1048120K available (8474K kernel code, 1294K rwdata, 3984K rodata, 1488K init, 1316K bss, 46248K reserved, 0K cma-reserved)
[    0.000000] SLUB: HWalign=64, Order=0-3, MinObjects=0, CPUs=1, Nodes=1
[    0.000000] Hierarchical RCU implementation.
[    0.000000] 	Build-time adjustment of leaf fanout to 64.
[    0.000000] 	RCU restricting CPUs from NR_CPUS=512 to nr_cpu_ids=1.
[    0.000000] RCU: Adjusting geometry for rcu_fanout_leaf=64, nr_cpu_ids=1
[    0.000000] NR_IRQS:33024 nr_irqs:256 16
[    0.000000] Console: colour VGA+ 80x25
[    0.000000] console [tty1] enabled
[    0.000000] console [ttyS0] enabled
[    0.000000] tsc: Detected 2294.806 MHz processor
[    0.885591] Calibrating delay loop (skipped) preset value.. 4589.61 BogoMIPS (lpj=9179224)
[    0.887646] pid_max: default: 32768 minimum: 301
[    0.888532] ACPI: Core revision 20150930
[    0.890297] ACPI: 2 ACPI AML tables successfully acquired and loaded
[    0.891568] Security Framework initialized
[    0.892380] Yama: becoming mindful.
[    0.893131] AppArmor: AppArmor initialized
[    0.931756] Dentry cache hash table entries: 131072 (order: 8, 1048576 bytes)
[    1.052142] Inode-cache hash table entries: 65536 (order: 7, 524288 bytes)
[    1.054447] Mount-cache hash table entries: 2048 (order: 2, 16384 bytes)
[    1.057655] Mountpoint-cache hash table entries: 2048 (order: 2, 16384 bytes)
[    1.059110] Initializing cgroup subsys io
[    1.065359] Initializing cgroup subsys memory
[    1.066222] Initializing cgroup subsys devices
[    1.067530] Initializing cgroup subsys freezer
[    1.068393] Initializing cgroup subsys net_cls
[    1.069253] Initializing cgroup subsys perf_event
[    1.070204] Initializing cgroup subsys net_prio
[    1.071092] Initializing cgroup subsys hugetlb
[    1.071959] Initializing cgroup subsys pids
[    1.109283] CPU: Physical Processor ID: 0
[    1.129823] mce: CPU supports 0 MCE banks
[    1.164357] process: using mwait in idle threads
[    1.165292] Last level iTLB entries: 4KB 512, 2MB 8, 4MB 8
[    1.166293] Last level dTLB entries: 4KB 512, 2MB 32, 4MB 32, 1GB 0
[    1.217185] Freeing SMP alternatives memory: 32K (ffffffff820b9000 - ffffffff820c1000)
[    1.322255] ftrace: allocating 32131 entries in 126 pages
[    1.399139] smpboot: APIC(0) Converting physical 0 to logical package 0
[    1.465183] smpboot: Max logical packages: 1
[    1.466358] x2apic enabled
[    1.467693] Switched APIC routing to physical x2apic.
[    1.474901] ..TIMER: vector=0x30 apic1=0 pin1=2 apic2=-1 pin2=-1
[    1.605395] smpboot: CPU0: Intel(R) Core(TM) i7-3610QM CPU @ 2.30GHz (family: 0x6, model: 0x3a, stepping: 0x9)
[    1.661689] Performance Events: unsupported p6 CPU model 58 no PMU driver, software events only.
[    1.728386] KVM setup paravirtual spinlock
[    1.730769] x86: Booted up 1 node, 1 CPUs
[    1.733699] smpboot: Total of 1 processors activated (4589.61 BogoMIPS)
[    1.787103] devtmpfs: initialized
[    1.844494] evm: security.selinux
[    1.845424] evm: security.SMACK64
[    1.853748] evm: security.SMACK64EXEC
[    1.854498] evm: security.SMACK64TRANSMUTE
[    1.855308] evm: security.SMACK64MMAP
[    1.856078] evm: security.ima
[    1.857421] evm: security.capability
[    1.858321] clocksource: jiffies: mask: 0xffffffff max_cycles: 0xffffffff, max_idle_ns: 7645041785100000 ns
[    1.861261] futex hash table entries: 256 (order: 2, 16384 bytes)
[    1.862433] pinctrl core: initialized pinctrl subsystem
[    1.863567] RTC time: 11:25:26, date: 08/23/17
[    1.864551] NET: Registered protocol family 16
[    1.865562] cpuidle: using governor ladder
[    1.866370] cpuidle: using governor menu
[    1.867617] PCCT header not found.
[    1.868403] ACPI: bus type PCI registered
[    1.869194] acpiphp: ACPI Hot Plug PCI Controller Driver version: 0.5
[    1.870416] PCI: Using configuration type 1 for base access
[    1.878436] ACPI: Added _OSI(Module Device)
[    1.879275] ACPI: Added _OSI(Processor Device)
[    1.921763] ACPI: Added _OSI(3.0 _SCP Extensions)
[    1.942309] ACPI: Added _OSI(Processor Aggregator Device)
[    1.943916] ACPI: Executed 1 blocks of module-level executable AML code
[    1.947065] ACPI: Interpreter enabled
[    1.947941] ACPI: (supports S0 S5)
[    1.948691] ACPI: Using IOAPIC for interrupt routing
[    2.036692] PCI: Using host bridge windows from ACPI; if necessary, use "pci=nocrs" and report a bug
[    2.068471] ACPI: PCI Root Bridge [PCI0] (domain 0000 [bus 00-ff])
[    2.099356] acpi PNP0A03:00: _OSC: OS supports [ASPM ClockPM Segments MSI]
[    2.158915] acpi PNP0A03:00: _OSC failed (AE_NOT_FOUND); disabling ASPM
[    2.209349] acpi PNP0A03:00: fail to add MMCONFIG information, can't access extended PCI configuration space under this bridge.
[    2.220718] PCI host bridge to bus 0000:00
[    2.221525] pci_bus 0000:00: root bus resource [io  0x0000-0x0cf7 window]
[    2.222677] pci_bus 0000:00: root bus resource [io  0x0d00-0xffff window]
[    2.253982] pci_bus 0000:00: root bus resource [mem 0x000a0000-0x000bffff window]
[    2.255430] pci_bus 0000:00: root bus resource [mem 0x40000000-0xffdfffff window]
[    2.256906] pci_bus 0000:00: root bus resource [bus 00-ff]
[    2.259905] pci 0000:00:01.1: legacy IDE quirk: reg 0x10: [io  0x01f0-0x01f7]
[    2.279423] pci 0000:00:01.1: legacy IDE quirk: reg 0x14: [io  0x03f6]
[    2.344340] pci 0000:00:01.1: legacy IDE quirk: reg 0x18: [io  0x0170-0x0177]
[    2.494395] pci 0000:00:01.1: legacy IDE quirk: reg 0x1c: [io  0x0376]
[    2.522572] pci 0000:00:07.0: quirk: [io  0x4000-0x403f] claimed by PIIX4 ACPI
[    2.602648] pci 0000:00:07.0: quirk: [io  0x4100-0x410f] claimed by PIIX4 SMB
[    2.701951] ACPI: PCI Interrupt Link [LNKA] (IRQs 5 9 10 *11)
[    2.728905] ACPI: PCI Interrupt Link [LNKB] (IRQs 5 9 10 *11)
[    2.780423] ACPI: PCI Interrupt Link [LNKC] (IRQs 5 9 *10 11)
[    2.791673] ACPI: PCI Interrupt Link [LNKD] (IRQs 5 *9 10 11)
[    2.815599] ACPI: Enabled 2 GPEs in block 00 to 07
[    2.816875] vgaarb: setting as boot device: PCI:0000:00:02.0
[    2.819594] vgaarb: device added: PCI:0000:00:02.0,decodes=io+mem,owns=io+mem,locks=none
[    2.828869] vgaarb: loaded
[    2.841900] vgaarb: bridge control possible 0000:00:02.0
[    2.843158] SCSI subsystem initialized
[    2.844038] ACPI: bus type USB registered
[    2.844866] usbcore: registered new interface driver usbfs
[    2.845867] usbcore: registered new interface driver hub
[    2.846855] usbcore: registered new device driver usb
[    2.848153] PCI: Using ACPI for IRQ routing
[    2.849345] NetLabel: Initializing
[    2.850061] NetLabel:  domain hash size = 128
[    2.850947] NetLabel:  protocols = UNLABELED CIPSOv4
[    2.851920] NetLabel:  unlabeled traffic allowed by default
[    2.853111] amd_nb: Cannot enumerate AMD northbridges
[    2.854253] clocksource: Switched to clocksource kvm-clock
[    2.862548] AppArmor: AppArmor Filesystem Enabled
[    2.898570] pnp: PnP ACPI init
[    2.905826] pnp: PnP ACPI: found 3 devices
[    2.919010] clocksource: acpi_pm: mask: 0xffffff max_cycles: 0xffffff, max_idle_ns: 2085701024 ns
[    2.923528] NET: Registered protocol family 2
[    2.924791] TCP established hash table entries: 8192 (order: 4, 65536 bytes)
[    2.926118] TCP bind hash table entries: 8192 (order: 5, 131072 bytes)
[    2.942616] TCP: Hash tables configured (established 8192 bind 8192)
[    2.943777] UDP hash table entries: 512 (order: 2, 16384 bytes)
[    2.944823] UDP-Lite hash table entries: 512 (order: 2, 16384 bytes)
[    2.946004] NET: Registered protocol family 1
[    2.946881] pci 0000:00:00.0: Limiting direct PCI/PCI transfers
[    2.948178] pci 0000:00:01.0: Activating ISA DMA hang workarounds
[    2.949400] Unpacking initramfs...
[    4.680350] Freeing initrd memory: 10836K (ffff880036ac6000 - ffff88003755b000)
[    4.717747] RAPL PMU detected, API unit is 2^-32 Joules, 3 fixed counters 10737418240 ms ovfl timer
[    4.719445] hw unit of domain pp0-core 2^-0 Joules
[    4.725376] hw unit of domain package 2^-0 Joules
[    4.727521] hw unit of domain pp1-gpu 2^-0 Joules
[    4.728772] platform rtc_cmos: registered platform RTC device (no PNP device found)
[    4.766448] Scanning for low memory corruption every 60 seconds
[    4.781495] audit: initializing netlink subsys (disabled)
[    4.783501] audit: type=2000 audit(1503487532.658:1): initialized
[    4.784834] Initialise system trusted keyring
[    4.785782] HugeTLB registered 2 MB page size, pre-allocated 0 pages
[    4.788657] zbud: loaded
[    4.789426] VFS: Disk quotas dquot_6.6.0
[    4.790270] VFS: Dquot-cache hash table entries: 512 (order 0, 4096 bytes)
[    4.791677] squashfs: version 4.0 (2009/01/31) Phillip Lougher
[    4.792933] fuse init (API version 7.23)
[    4.793854] Key type big_key registered
[    4.794671] Allocating IMA MOK and blacklist keyrings.
[    4.795841] Key type asymmetric registered
[    4.797293] Asymmetric key parser 'x509' registered
[    4.798235] Block layer SCSI generic (bsg) driver version 0.4 loaded (major 249)
[    4.799728] io scheduler noop registered
[    4.892139] io scheduler deadline registered (default)
[    4.901235] io scheduler cfq registered
[    4.902123] pci_hotplug: PCI Hot Plug PCI Core version: 0.5
[    4.903176] pciehp: PCI Express Hot Plug Controller Driver version: 0.4
[    4.904457] ACPI: AC Adapter [AC] (on-line)
[    4.905331] input: Power Button as /devices/LNXSYSTM:00/LNXPWRBN:00/input/input0
[    4.966141] ACPI: Power Button [PWRF]
[    4.967538] input: Sleep Button as /devices/LNXSYSTM:00/LNXSLPBN:00/input/input1
[    4.968970] ACPI: Sleep Button [SLPF]
[    4.970456] ACPI: Battery Slot [BAT0] (battery present)
[    4.971440] GHES: HEST is not enabled!
[    4.987492] Serial: 8250/16550 driver, 32 ports, IRQ sharing enabled
[    5.011088] 00:02: ttyS0 at I/O 0x3f8 (irq = 4, base_baud = 115200) is a 16550A
[    5.025847] Linux agpgart interface v0.103
[    5.028342] loop: module loaded
[    5.035247] scsi host0: ata_piix
[    5.059917] scsi host1: ata_piix
[    5.060662] ata1: PATA max UDMA/33 cmd 0x1f0 ctl 0x3f6 bmdma 0xd000 irq 14
[    5.067482] ata2: PATA max UDMA/33 cmd 0x170 ctl 0x376 bmdma 0xd008 irq 15
[    5.069313] libphy: Fixed MDIO Bus: probed
[    5.070130] tun: Universal TUN/TAP device driver, 1.6
[    5.071108] tun: (C) 1999-2004 Max Krasnyansky <maxk@qualcomm.com>
[    5.120686] PPP generic driver version 2.4.2
[    5.121608] ehci_hcd: USB 2.0 'Enhanced' Host Controller (EHCI) Driver
[    5.153460] ehci-pci: EHCI PCI platform driver
[    5.154351] ehci-platform: EHCI generic platform driver
[    5.155355] ohci_hcd: USB 1.1 'Open' Host Controller (OHCI) Driver
[    5.156449] ohci-pci: OHCI PCI platform driver
[    5.157593] ohci-platform: OHCI generic platform driver
[    5.158573] uhci_hcd: USB Universal Host Controller Interface driver
[    5.159790] i8042: PNP: PS/2 Controller [PNP0303:PS2K,PNP0f03:PS2M] at 0x60,0x64 irq 1,12
[    5.161849] serio: i8042 KBD port at 0x60,0x64 irq 1
[    5.225830] serio: i8042 AUX port at 0x60,0x64 irq 12
[    5.339012] mousedev: PS/2 mouse device common for all mice
[    5.340321] input: AT Translated Set 2 keyboard as /devices/platform/i8042/serio0/input/input2
[    5.342361] rtc_cmos rtc_cmos: rtc core: registered rtc_cmos as rtc0
[    5.343536] rtc_cmos rtc_cmos: alarms up to one day, 114 bytes nvram
[    5.412290] i2c /dev entries driver
[    5.500766] device-mapper: uevent: version 1.0.3
[    5.529136] device-mapper: ioctl: 4.34.0-ioctl (2015-10-28) initialised: dm-devel@redhat.com
[    5.531755] ledtrig-cpu: registered to indicate activity on CPUs
[    5.533099] NET: Registered protocol family 10
[    5.534126] NET: Registered protocol family 17
[    5.535030] Key type dns_resolver registered
[    5.583369] microcode: CPU0 sig=0x306a9, pf=0x2, revision=0x19
[    5.653597] microcode: Microcode Update Driver: v2.01 <tigran@aivazian.fsnet.co.uk>, Peter Oruba
[    5.655423] registered taskstats version 1
[    5.656253] Loading compiled-in X.509 certificates
[    5.657859] Loaded X.509 cert 'Build time autogenerated kernel key: 0777615d5208f86b8b4bd2fb3aecc97a191f2831'
[    5.659666] zswap: loaded using pool lzo/zbud
[    5.667103] Key type trusted registered
[    5.716263] Key type encrypted registered
[    5.723235] AppArmor: AppArmor sha1 policy hashing enabled
[    5.725813] ima: No TPM chip found, activating TPM-bypass!
[    5.727710] tsc: Refined TSC clocksource calibration: 2296.494 MHz
[    5.729218] clocksource: tsc: mask: 0xffffffffffffffff max_cycles: 0x211a4534b4a, max_idle_ns: 440795272974 ns
[    5.752147] evm: HMAC attrs: 0x1
[    5.777777]   Magic number: 13:281:429
[    5.778631] rtc_cmos rtc_cmos: setting system clock to 2017-08-23 11:25:30 UTC (1503487530)
[    5.876128] BIOS EDD facility v0.16 2004-Jun-25, 0 devices found
[    5.916757] EDD information not available.
[    6.024095] Freeing unused kernel memory: 1488K (ffffffff81f45000 - ffffffff820b9000)
[    6.046445] Write protecting the kernel read-only data: 14336k
[    6.048227] Freeing unused kernel memory: 1752K (ffff88000184a000 - ffff880001a00000)
[    6.051914] Freeing unused kernel memory: 112K (ffff880001de4000 - ffff880001e00000)
Loading, please wait...
starting version[    6.072591] random: udevadm: uninitialized urandom read (16 bytes read, 2 bits of entropy available)
 229
[    6.094817] random: systemd-udevd: uninitialized urandom read (16 bytes read, 2 bits of entropy available)
[    6.096670] random: systemd-udevd: uninitialized urandom read (16 bytes read, 2 bits of entropy available)
[    6.128072] random: udevadm: uninitialized urandom read (16 bytes read, 2 bits of entropy available)
[    6.182160] random: systemd-udevd: uninitialized urandom read (16 bytes read, 2 bits of entropy available)
[    6.184012] random: systemd-udevd: uninitialized urandom read (16 bytes read, 2 bits of entropy available)
[    6.216520] random: udevadm: uninitialized urandom read (16 bytes read, 2 bits of entropy available)
[    6.218585] random: udevadm: uninitialized urandom read (16 bytes read, 2 bits of entropy available)
[    6.251847] random: udevadm: uninitialized urandom read (16 bytes read, 2 bits of entropy available)
[    6.318017] random: udevadm: uninitialized urandom read (16 bytes read, 2 bits of entropy available)
[    6.356178] e1000: Intel(R) PRO/1000 Network Driver - version 7.3.21-k8-NAPI
[    6.375567] e1000: Copyright (c) 1999-2006 Intel Corporation.
[    6.381060] Fusion MPT base driver 3.04.20
[    6.399109] Copyright (c) 1999-2008 LSI Corporation
[    6.429382] AVX version of gcm_enc/dec engaged.
[    6.435771] AES CTR mode by8 optimization enabled
[    6.463756] Fusion MPT SPI Host driver 3.04.20
[    6.608618] input: ImExPS/2 Generic Explorer Mouse as /devices/platform/i8042/serio1/input/input4
[    6.891482] e1000 0000:00:03.0 eth0: (PCI:33MHz:32-bit) 02:50:7f:03:3f:72
[    6.903592] e1000 0000:00:03.0 eth0: Intel(R) PRO/1000 Network Connection
[    6.905352] mptbase: ioc0: Initiating bringup
[    6.967616] ioc0: LSI53C1030 A0: Capabilities={Initiator}
[    7.160786] scsi host2: ioc0: LSI53C1030 A0, FwRev=00000000h, Ports=1, MaxQ=256, IRQ=20
[    7.362136] scsi 2:0:0:0: Direct-Access     VBOX     HARDDISK         1.0  PQ: 0 ANSI: 5
[    7.521059] scsi target2:0:0: Beginning Domain Validation
[    7.522960] scsi target2:0:0: Domain Validation skipping write tests
[    7.620745] scsi target2:0:0: Ending Domain Validation
[    7.630514] scsi target2:0:0: asynchronous
[    7.754002] scsi 2:0:1:0: Direct-Access     VBOX     HARDDISK         1.0  PQ: 0 ANSI: 5
[    7.816921] scsi target2:0:1: Beginning Domain Validation
[    7.915318] scsi target2:0:1: Domain Validation skipping write tests
[    7.935680] scsi target2:0:1: Ending Domain Validation
[    7.959017] scsi target2:0:1: asynchronous
[    8.071136] sd 2:0:0:0: Attached scsi generic sg0 type 0
[    8.089821] sd 2:0:0:0: [sda] 20971520 512-byte logical blocks: (10.7 GB/10.0 GiB)
[    8.135749] e1000 0000:00:08.0 eth1: (PCI:33MHz:32-bit) 08:00:27:d7:1b:20
[    8.168721] e1000 0000:00:08.0 eth1: Intel(R) PRO/1000 Network Connection
[    8.175349] sd 2:0:1:0: [sdb] 20480 512-byte logical blocks: (10.5 MB/10.0 MiB)
[    8.177871] sd 2:0:1:0: Attached scsi generic sg1 type 0
[    8.179985] sd 2:0:1:0: [sdb] Write Protect is off
[    8.183808] sd 2:0:1:0: [sdb] Incomplete mode parameter data
[    8.194218] sd 2:0:1:0: [sdb] Assuming drive cache: write through
[    8.195360] sd 2:0:0:0: [sda] Write Protect is off
[    8.196563] sd 2:0:0:0: [sda] Incomplete mode parameter data
[    8.197929] sd 2:0:0:0: [sda] Assuming drive cache: write through
[    8.202037] e1000 0000:00:08.0 enp0s8: renamed from eth1
[    8.212224] e1000 0000:00:03.0 enp0s3: renamed from eth0
[    8.228691]  sda: sda1
[    8.243443] sd 2:0:0:0: [sda] Attached SCSI disk
[    8.296706] sd 2:0:1:0: [sdb] Attached SCSI disk
[    9.443987] floppy0: no floppy controllers found
Begin: Loading e[   10.794819] md: linear personality registered for level -1
ssential drivers ... [   10.862158] md: multipath personality registered for level -4
[   10.867790] md: raid0 personality registered for level 0
[   10.878767] md: raid1 personality registered for level 1
[   10.950445] raid6: sse2x1   gen()  8062 MB/s
[   11.058451] raid6: sse2x1   xor()  6470 MB/s
[   11.178461] raid6: sse2x2   gen() 10248 MB/s
[   11.310476] raid6: sse2x2   xor()  7221 MB/s
[   11.406492] raid6: sse2x4   gen() 11871 MB/s
[   11.479007] raid6: sse2x4   xor()  8777 MB/s
[   11.555495] raid6: using algorithm sse2x4 gen() 11871 MB/s
[   11.556480] raid6: .... xor() 8777 MB/s, rmw enabled
[   11.557786] raid6: using ssse3x2 recovery algorithm
[   11.560843] xor: automatically using best checksumming function:
[   11.602527]    avx       : 20767.000 MB/sec
[   11.616771] async_tx: api initialized (async)
[   11.629970] md: raid6 personality registered for level 6
[   11.709195] md: raid5 personality registered for level 5
[   11.710175] md: raid4 personality registered for level 4
[   11.716815] md: raid10 personality registered for level 10
done.
Begin: Running /scripts/init-premount ... done.
Begin: Mounting root file syst[   11.757675] Btrfs loaded
em ... Begin: Running /scripts/local-top ... done.
Begin: Running /scripts/local-premount ... Scanning for Btrfs filesystems
done.
Warning: fsck not present, so skipping root file system
[   12.141449] EXT4-fs (sda1): mounted filesystem with ordered data mode. Opts: (null)
done.
Begin: Running /scripts/local-bottom ... done.
Begin: Running /scripts/init-bottom ... done.
[   12.542142] random: nonblocking pool is initialized
[   13.889132] systemd[1]: systemd 229 running in system mode. (+PAM +AUDIT +SELINUX +IMA +APPARMOR +SMACK +SYSVINIT +UTMP +LIBCRYPTSETUP +GCRYPT +GNUTLS +ACL +XZ -LZ4 +SECCOMP +BLKID +ELFUTILS +KMOD -IDN)
[   13.926852] systemd[1]: Detected virtualization oracle.
[   13.928444] systemd[1]: Detected architecture x86-64.

Welcome to [1mUbuntu 16.04.3 LTS[0m!

[   14.069411] systemd[1]: Set hostname to <ubuntu>.
[   14.133766] systemd[1]: Initializing machine ID from random generator.
[   14.138716] systemd[1]: Installed transient /etc/machine-id file.
[   20.764707] systemd[1]: Started Trigger resolvconf update for networkd DNS.
[[0;32m  OK  [0m] Started Trigger resolvconf update for networkd DNS.
[   20.849634] systemd[1]: Created slice User and Session Slice.
[[0;32m  OK  [0m] Created slice User and Session Slice.
[   20.855547] systemd[1]: Listening on Device-mapper event daemon FIFOs.
[[0;32m  OK  [0m] Listening on Device-mapper event daemon FIFOs.
[   20.861434] systemd[1]: Reached target User and Group Name Lookups.
[[0;32m  OK  [0m] Reached target User and Group Name Lookups.
[   20.883946] systemd[1]: Listening on LVM2 poll daemon socket.
[[0;32m  OK  [0m] Listening on LVM2 poll daemon socket.
[   20.887640] systemd[1]: Listening on LVM2 metadata daemon socket.
[[0;32m  OK  [0m] Listening on LVM2 metadata daemon socket.
[   20.940555] systemd[1]: Started Forward Password Requests to Wall Directory Watch.
[[0;32m  OK  [0m] Started Forward Password Requests to Wall Directory Watch.
[   20.950965] systemd[1]: Listening on /dev/initctl Compatibility Named Pipe.
[[0;32m  OK  [0m] Listening on /dev/initctl Compatibility Named Pipe.
[   20.990625] systemd[1]: Set up automount Arbitrary Executable File Formats File System Automount Point.
[[0;32m  OK  [0m] Set up automount Arbitrary Executab...ats File System Automount Point.
[   20.996161] systemd[1]: Listening on Journal Audit Socket.
[[0;32m  OK  [0m] Listening on Journal Audit Socket.
[   21.032004] systemd[1]: Listening on Journal Socket.
[[0;32m  OK  [0m] Listening on Journal Socket.
[   21.041030] systemd[1]: Listening on Journal Socket (/dev/log).
[[0;32m  OK  [0m] Listening on Journal Socket (/dev/log).
[   21.099484] systemd[1]: Listening on Syslog Socket.
[[0;32m  OK  [0m] Listening on Syslog Socket.
[   21.163489] systemd[1]: Listening on udev Control Socket.
[[0;32m  OK  [0m] Listening on udev Control Socket.
[   21.247840] systemd[1]: Reached target Encrypted Volumes.
[[0;32m  OK  [0m] Reached target Encrypted Volumes.
[   21.315670] systemd[1]: Reached target Swap.
[[0;32m  OK  [0m] Reached target Swap.
[   21.321667] systemd[1]: Listening on udev Kernel Socket.
[[0;32m  OK  [0m] Listening on udev Kernel Socket.
[   21.330972] systemd[1]: Created slice System Slice.
[[0;32m  OK  [0m] Created slice System Slice.
[   21.378755] systemd[1]: Starting Monitoring of LVM2 mirrors, snapshots etc. using dmeventd or progress polling...
         Starting Monitoring of LVM2 mirrors... dmeventd or progress polling...
[   21.555619] systemd[1]: Reached target Slices.
[[0;32m  OK  [0m] Reached target Slices.
[   21.649028] systemd[1]: Starting Set console keymap...
         Starting Set console keymap...
[   21.665912] systemd[1]: Created slice system-serial\x2dgetty.slice.
[[0;32m  OK  [0m] Created slice system-serial\x2dgetty.slice.
[   21.702388] systemd[1]: Mounting Debug File System...
         Mounting Debug File System...
[   21.755128] systemd[1]: Starting Journal Service...
         Starting Journal Service...
[   21.821431] systemd[1]: Starting Remount Root and Kernel File Systems...
         Starting Remount Root and Kernel File Systems...
[   21.880665] systemd[1]: Starting Nameserver information manager...
         Starting Nameserver information manager...
[   21.916930] systemd[1]: Mounting Huge Pages File System...
         Mounting Huge Pages File System...
[   21.921494] systemd[1]: Starting Create list of required static device nodes for the current kernel...
[   21.973870] EXT4-fs (sda1): re-mounted. Opts: (null)
         Starting Create list of required st... nodes for the current kernel...
[   22.273233] systemd[1]: Starting Load Kernel Modules...
         Starting Load Kernel Modules...
[   22.330622] systemd[1]: Mounting POSIX Message Queue File System...
         Mounting POSIX Message Queue File System...
[   22.355474] systemd[1]: Starting Uncomplicated firewall...
         Starting Uncomplicated firewall...
[   22.361107] systemd[1]: Mounted Huge Pages File System.
[[0;32m  OK  [0m] Mounted Huge Pages File System.
[   22.408608] systemd[1]: Mounted Debug File System.
[[0;32m  OK  [0m] Mounted Debug File System.
[   22.410911] systemd[1]: Mounted POSIX Message Queue File System.
[[0;32m  OK  [0m] Mounted POSIX Message Queue File System.
[   22.447744] systemd[1]: Started Set console keymap.
[[0;32m  OK  [0m] Started Set console keymap.
[   22.450604] systemd[1]: Started Remount Root and Kernel File Systems.
[[0;32m  OK  [0m] Started Remount Root and Kernel File Systems.
[   22.454168] systemd[1]: Started Create list of required static device nodes for the current kernel.
[[0;32m  OK  [0m] Started Create list of required sta...ce nodes for the current kernel.
[   22.491752] systemd[1]: Started LVM2 metadata daemon.
[[0;32m  OK  [0m] Started LVM2 metadata daemon.
[   22.569423] systemd[1]: Starting Create Static Device Nodes in /dev...
         Starting Create Static Device Nodes in /dev...
[   22.805300] systemd[1]: Starting udev Coldplug all Devices...
         Starting udev Coldplug all Devices...
[   22.827058] systemd[1]: Starting Load/Save Random Seed...
         Starting Load/Save Random Seed...
[   22.845709] systemd[1]: Starting Initial cloud-init job (pre-networking)...
         Starting Initial cloud-init job (pre-networking)...
[   23.030000] systemd[1]: Started Uncomplicated firewall.
[[0;32m  OK  [0m] Started Uncomplicated firewall.
[   23.053204] systemd[1]: Started Nameserver information manager.
[[0;32m  OK  [0m] Started Nameserver information manager.
[   23.132140] systemd[1]: Started udev Coldplug all Devices.
[[0;32m  OK  [0m] Started udev Coldplug all Devices.
[   23.288677] systemd[1]: Started Load/Save Random Seed.
[[0;32m  OK  [0m] Started Load/Save Random Seed.
[   23.315299] systemd[1]: Started Journal Service.
[[0;32m  OK  [0m] Started Journal Service.
         Starting Flush Journal to Persistent Storage...
[   23.640051] Loading iSCSI transport class v2.0-870.
[   24.097587] systemd-journald[379]: Received request to flush runtime journal from PID 1
[[0;32m  OK  [0m] Started Flush Journal to Persistent Storage.
[   24.426699] iscsi: registered transport (tcp)
[[0;32m  OK  [0m] Started Monitoring of LVM2 mirrors,...ng dmeventd or progress polling.
[   25.503945] iscsi: registered transport (iser)
[[0;32m  OK  [0m] Started Load Kernel Modules.
         Mounting FUSE Control File System...
         Starting Apply Kernel Variables...
[[0;32m  OK  [0m] Mounted FUSE Control File System.
[[0;32m  OK  [0m] Started Create Static Device Nodes in /dev.
         Starting udev Kernel Device Manager...
[[0;32m  OK  [0m] Started Apply Kernel Variables.
[[0;32m  OK  [0m] Started udev Kernel Device Manager.
[[0;32m  OK  [0m] Reached target Local File Systems (Pre).
[[0;32m  OK  [0m] Reached target Local File Systems.
         Starting Tell Plymouth To Write Out Runtime Data...
         Starting LSB: AppArmor initialization...
         Starting Create Volatile Files and Directories...
         Starting Commit a transient machine-id on disk...
         Starting Set console font and keymap...
[[0;32m  OK  [0m] Started Dispatch Password Requests to Console Directory Watch.
[[0;32m  OK  [0m] Started Tell Plymouth To Write Out Runtime Data.
[[0;32m  OK  [0m] Started Commit a transient machine-id on disk.
[[0;32m  OK  [0m] Started Create Volatile Files and Directories.
         Starting Update UTMP about System Boot/Shutdown...
[[0;32m  OK  [0m] Reached target System Time Synchronized.
[[0;32m  OK  [0m] Found device /dev/ttyS0.
[[0;32m  OK  [0m] Started Set console font and keymap.
[[0;32m  OK  [0m] Started Update UTMP about System Boot/Shutdown.
[[0;32m  OK  [0m] Created slice system-getty.slice.
[[0;32m  OK  [0m] Listening on Load/Save RF Kill Switch Status /dev/rfkill Watch.
[[0;32m  OK  [0m] Started LSB: AppArmor initialization.
[   43.094405] cloud-init[427]: Cloud-init v. 0.7.9 running 'init-local' at Wed, 23 Aug 2017 11:26:09 +0000. Up 41.93 seconds.
[[0;32m  OK  [0m] Started Initial cloud-init job (pre-networking).
[[0;32m  OK  [0m] Reached target Network (Pre).
         Starting Raise network interfaces...
[[0;32m  OK  [0m] Started Raise network interfaces.
[[0;32m  OK  [0m] Reached target Network.
         Starting Initial cloud-init job (metadata service crawler)...
[   47.232038] cloud-init[953]: Cloud-init v. 0.7.9 running 'init' at Wed, 23 Aug 2017 11:26:11 +0000. Up 44.74 seconds.
[   47.244797] cloud-init[953]: ci-info: ++++++++++++++++++++++++++++++++++++++Net device info++++++++++++++++++++++++++++++++++++++
[   47.252824] cloud-init[953]: ci-info: +--------+-------+----------------------------+---------------+-------+-------------------+
[   47.256481] cloud-init[953]: ci-info: | Device |   Up  |          Address           |      Mask     | Scope |     Hw-Address    |
[   47.259987] cloud-init[953]: ci-info: +--------+-------+----------------------------+---------------+-------+-------------------+
[   47.311104] cloud-init[953]: ci-info: | enp0s3 |  True |         10.0.2.15          | 255.255.255.0 |   .   | 02:50:7f:03:3f:72 |[[0;32m  OK  [0m] Started Initial cloud-init job (metadata service crawler).
[[0;32m  OK  [0m] Reached target Network is Online.
         Starting iSCSI initiator daemon (iscsid)...
[[0;32m  OK  [0m] Reached target Cloud-config availability.
[[0;32m  OK  [0m] Reached target System Initialization.
[[0;32m  OK  [0m] Listening on UUID daemon activation socket.

[   47.333778] cloud-init[953]: ci-info: | enp0s3 |  True | fe80::50:7fff:fe03:3f72/64 |       .       |  link | 02:50:7f:03:3f:72 |
[   47.342511] cloud-init[953]: ci-info: |   lo   |  True |         127.0.0.1          |   255.0.0.0   |   .   |         .         |
[   47.344680] cloud-init[953]: ci-info: |   lo   |  True |          ::1/128           |       .       |  host |         .         |
[[   47.352740] cloud-init[953]: ci-info: | enp0s8 | False |             .              |       .       |   .   | 08:00:27:d7:1b:20 |
[   47.354139] cloud-init[953]: ci-info: +--------+-------+----------------------------+---------------+-------+-------------------+
[   47.354186] cloud-init[953]: ci-info: +++++++++++++++++++++++++++Route IPv4 info++++++++++++++++++++++++++++
[   47.354227] cloud-init[953]: ci-info: +-------+-------------+----------+---------------+-----------+-------+
[   47.354295] cloud-init[953]: ci-info: | Route | Destination | Gateway  |    Genmask    | Interface | Flags |
[   47.354338] cloud-init[953]: ci-info: +-------+-------------+----------+---------------+-----------+-------+
[   47.354380] cloud-init[953]: ci-info: |   0   |   0.0.0.0   | 10.0.2.2 |    0.0.0.0    |   enp0s3  |   UG  |
[   47.354420] cloud-init[953]: ci-info: |   1   |   10.0.2.0  | 0.0.0.0  | 255.255.255.0 |   enp0s3  |   U   |
[   47.354460] cloud-init[953]: ci-info: +-------+-------------+----------+---------------+-----------+-------+
[   47.354519] cloud-init[953]: Generating public/private rsa key pair.
[   47.354559] cloud-init[953]: Your identification has been saved in /etc/ssh/ssh_host_rsa_key.
[   47.354604] cloud-init[953]: Your public key has been saved in /etc/ssh/ssh_host_rsa_key.pub.
[   47.354647] cloud-init[953]: The key fingerprint is:
[   47.354688] cloud-init[953]: SHA256:z/VlYBXOepW+btcBO5SLa3Budce+eylmR8vAiCaR3EY root@ubuntu-xenial
[   47.354730] cloud-init[953]: The key's randomart image is:
[   47.354789] cloud-init[953]: +---[RSA 2048]----+
[   47.354831] cloud-init[953]: |               .o|
[   47.354870] cloud-init[953]: |         E    o..|
[   47.354911] cloud-init[953]: |      . +     ++.|
[   47.354948] cloud-init[953]: |       + o   =o..|
[   47.354988] cloud-init[953]: |        S . *.++o|
[   47.355030] cloud-init[953]: |       . * = O.*+|
[   47.355069] cloud-init[953]: |        o * o Bo*|
[   47.355110] cloud-init[953]: |           = +.*=|
[   47.355148] cloud-init[953]: |          o o ++=|
[   47.355186] cloud-init[953]: +----[SHA256]-----+
[   47.355225] cloud-init[953]: Generating public/private dsa key pair.
[   47.355453] cloud-init[953]: Your identification has been saved in /etc/ssh/ssh_host_dsa_key.
[   47.355501] cloud-init[953]: Your public key has been saved in /etc/ssh/ssh_host_dsa_key.pub.
[   47.355540] cloud-init[953]: The key fingerprint is:
[   47.355579] cloud-init[953]: SHA256:X0eEU8UJtrW7xXPEtRf/d9xxyAhYsEYhPzyiuZ03/0s root@ubuntu-xenial
[   47.355624] cloud-init[953]: The key's randomart image is:
[   47.355663] cloud-init[953]: +---[DSA 1024]----+
[   47.355703] cloud-init[953]: |      . +=o  =+=+|
[   47.355741] cloud-init[953]: |       =.. .++o+B|
[   47.355806] cloud-init[953]: |      . B   .o++*|
[   47.355849] cloud-init[953]: |     o o o   . +B|
[   47.355888] cloud-init[953]: |    o   S   . .oX|
[   47.355928] cloud-init[953]: |     o . . . .  B|
[   47.355968] cloud-init[953]: |    . o o . E  . |
[   47.356011] cloud-init[953]: |       . o .     |
[   47.356051] cloud-init[953]: |          ..o.   |
[   47.356089] cloud-init[953]: +----[SHA256]-----+
[   47.356128] cloud-init[953]: Generating public/private ecdsa key pair.
[   47.356168] cloud-init[953]: Your identification has been saved in /etc/ssh/ssh_host_ecdsa_key.
[   47.356206] cloud-init[953]: Your public key has been saved in /etc/ssh/ssh_host_ecdsa_key.pub.
[   47.356246] cloud-init[953]: The key fingerprint is:
[0;32m  OK  [0m] Started ACPI Events Check.
[   47.356350] [[0;32m  OK  [0m] Reached target Paths.
[[0;32m  OK  [0m] Started Timer to automatically refresh installed snaps.
[[0;32m  OK  [0m] Listening on ACPID Listen Socket.
[[0;32m  OK  [0m] Started Daily apt download activities.
[[0;32m  OK  [0m] Started Daily apt upgrade and clean activities.
         Starting Socket activation for snappy daemon.
[[0;32m  OK  [0m] Listening on D-Bus System Message Bus Socket.
[[0;32m  OK  [0m] Started Daily Cleanup of Temporary Directories.
[[0;32m  OK  [0m] Reached target Timers.
cloud-init[953]: SHA256:JSskWWBgLn+b9vtwbc6mbv00SfhiyijODnuuSLFK+js root@ubuntu-xenial
[   47.542476] cloud-init[953]: The key's randomart image is:
[   47.545034] cloud-init[953]: +---[ECDSA 256]---+
[   47.548444] cloud-init[953]: |  o.o..          |
         Starting LXD - unix socket.
[   47.552154] [[0;32m  OK  [0m] Listening on Socket activation for snappy daemon.
[[0;32m  OK  [0m] Listening on LXD - unix socket.
cloud-init[953]: | o . o           |
[   47.581105] cloud-init[953]: |. . o . . .      |
[   47.588360] cloud-init[953]: | o   o   + .     |
[   47.593259] cloud-init[953]: | .. . . S . .    |
[   47.595344] cloud-init[[0;32m  OK  [0m] Reached target Sockets.
[[0;32m  OK  [0m] Reached target Basic System.
[[0;32m  OK  [0m] Started D-Bus System Message Bus.
[953]: |  o. o . . o .   |
[   47.617285] cloud-init[953]: | +. + . ..= =    |
[   47.624562] cloud-init[953]: |=.E=o. =.*oo .   |
[   47.642981] cloud-init[953]: |+.=O=.+=*oo..    |
[   47.644971] cloud-init[953]: +----[SHA256]-----+
[   47.646380] cloud-init[953]: Generating public/private ed25519 key pair.
[   47.647993] cloud-init[953]: Your identification has been saved in /etc/ssh/ssh_host_ed25519_key.
[   47.653498] cloud-init[953]: Your public key has been saved in /etc/ssh/ssh_host_ed25519_key.pub.
[   47.669930] cloud-init[953]: The key fingerprint is:
[   47.671615] cloud-init[953]: SHA256:kJ82YUd5QwdxIKV7gvyQpshtv3K72kO8PxeGzJbi/Bo root@ubuntu-xenial
[   47.681128] cloud-init[953]: The key's randomart image is:
[   47.685182] cloud-init[953]: +--[ED25519 256]--+
[   47.706575] cloud-init[953]: |          o+*+o  |
[   47.717970] cloud-init[953]: |       . ..ooo   |
[   47.721130] cloud-init[953]: |      o o o. .   |
[   47.722565] cloud-init[953]: |       = * .     |
[   47.723953] cloud-init[953]: |       .Sooo.    |
[   47.725416] cloud-init[953]: |   . o +++*oo    |
[   47.728458] cloud-init[953]: |    o ++E+.. .   |
[   47.729856] cloud-init[953]: |     ..o*.. .    |
[   47.731776] cloud-init[953]: |      .+BOoo     |
[   47.733546] cloud-init[953]: +----[SHA256]-----+
         Starting LSB: Record successful boot for GRUB...
         Starting LSB: MD monitoring daemon...
         Starting Pollinate to seed the pseudo random number generator...
[[0;32m  OK  [0m] Started ACPI event daemon.
         Starting Accounts Service...
         Starting Login Service...
         Starting LXD - container startup/shutdown...
[[0;32m  OK  [0m] Started FUSE filesystem for LXC.
[[0;32m  OK  [0m] Started Unattended Upgrades Shutdown.
[[0;32m  OK  [0m] Started Regular background program processing daemon.
         Starting Apply the settings specified in cloud-config...
[[0;32m  OK  [0m] Started Deferred execution scheduler.
         Starting System Logging Service...
         Starting /etc/rc.local Compatibility...
[[0;32m  OK  [0m] Started Snappy daemon.
         Starting Auto import assertions from block devices...
[[0;32m  OK  [0m] Started iSCSI initiator daemon (iscsid).
[[0;32m  OK  [0m] Started /etc/rc.local Compatibility.
[[0;32m  OK  [0m] Started Auto import assertions from block devices.
         Starting Login to default iSCSI targets...
[[0;32m  OK  [0m] Started Login Service.
[[0;32m  OK  [0m] Started LSB: Record successful boot for GRUB.
[[0;32m  OK  [0m] Started Login to default iSCSI targets.
[[0;32m  OK  [0m] Reached target Remote File Systems (Pre).
[[0;32m  OK  [0m] Reached target Remote File Systems.
         Starting LSB: automatic crash report generation...
         Starting Permit User Sessions...
         Starting LSB: Set the CPU Frequency Scaling governor to "ondemand"...
         Starting LSB: VirtualBox Linux Additions...
         Starting LSB: daemon to balance interrupts for SMP systems...
[[0;32m  OK  [0m] Started LSB: Set the CPU Frequency Scaling governor to "ondemand".
[[0;32m  OK  [0m] Started Permit User Sessions.
         Starting Terminate Plymouth Boot Screen...
         Starting Hold until boot process finishes up...
[[0;32m  OK  [0m] Started Terminate Plymouth Boot Screen.
[[0;32m  OK  [0m] Started Hold until boot process finishes up.
[[0;32m  OK  [0m] Started Serial Getty on ttyS0.
         Starting Set console scheme...
[[0;32m  OK  [0m] Started Getty on tty1.
[[0;32m  OK  [0m] Reached target Login Prompts.
[[0;32m  OK  [0m] Started Set console scheme.
[[0;32m  OK  [0m] Started LSB: MD monitoring daemon.
[[0;32m  OK  [0m] Started LSB: automatic crash report generation.
[   53.179393] cloud-init[1095]: Generating locales (this might take a while)...
[[0;32m  OK  [0m] Started System Logging Service.
[[0;32m  OK  [0m] Started LSB: daemon to balance interrupts for SMP systems.

Ubuntu 16.04.3 LTS ubuntu-xenial ttyS0

ubuntu-xenial login: [   58.632440] cloud-init[1095]:   en_US.UTF-8... done
[   58.633792] cloud-init[1095]: Generation complete.
[   66.529469] cloud-init[1095]: Cloud-init v. 0.7.9 running 'modules:config' at Wed, 23 Aug 2017 11:26:15 +0000. Up 48.46 seconds.
ci-info: no authorized ssh keys fingerprints found for user ubuntu.
<14>Aug 23 11:26:34 ec2: 
<14>Aug 23 11:26:34 ec2: #############################################################
<14>Aug 23 11:26:34 ec2: -----BEGIN SSH HOST KEY FINGERPRINTS-----
<14>Aug 23 11:26:34 ec2: 1024 SHA256:X0eEU8UJtrW7xXPEtRf/d9xxyAhYsEYhPzyiuZ03/0s root@ubuntu-xenial (DSA)
<14>Aug 23 11:26:34 ec2: 256 SHA256:JSskWWBgLn+b9vtwbc6mbv00SfhiyijODnuuSLFK+js root@ubuntu-xenial (ECDSA)
<14>Aug 23 11:26:34 ec2: 256 SHA256:kJ82YUd5QwdxIKV7gvyQpshtv3K72kO8PxeGzJbi/Bo root@ubuntu-xenial (ED25519)
<14>Aug 23 11:26:34 ec2: 2048 SHA256:z/VlYBXOepW+btcBO5SLa3Budce+eylmR8vAiCaR3EY root@ubuntu-xenial (RSA)
<14>Aug 23 11:26:34 ec2: -----END SSH HOST KEY FINGERPRINTS-----
<14>Aug 23 11:26:34 ec2: #############################################################
-----BEGIN SSH HOST KEY KEYS-----
ecdsa-sha2-nistp256 AAAAE2VjZHNhLXNoYTItbmlzdHAyNTYAAAAIbmlzdHAyNTYAAABBBMJJkXzLXBtNPW+2uXgUhjX0mBy2AeFM9NVDNDWinesDDkFOaY6/yi/Ci7Y4XivgOtgZYdewkTWMhmXCiSW8v6c= root@ubuntu-xenial
ssh-ed25519 AAAAC3NzaC1lZDI1NTE5AAAAIEHH6IbWbu2FDGm6L0H+pZOQgczLMj008A6xEqI/VhLK root@ubuntu-xenial
ssh-rsa AAAAB3NzaC1yc2EAAAADAQABAAABAQCnqXJnbxf6/NrD6OX1fcmdkJseRtuoMpyMQHOA3gTq5PrmoUPE2xcUovhBHp58To8FvQFAtzL2Aknccw+U+Okh6ZAA4wsuixK7KmjmR+TNRuv+IJPpVQ6SKsIgoML3CAAmo95JBhwrbtiJWomo0eAWai+S2JMlPxZO+NaCNCyKY5nBkApBKpbHMcH9AwISiaV7+bGT5qu+9I1FjPSQ8ehPlNBDMka2IFPxotOYv4V1X6KAnwRP1GHtTEnrjB2vfemsRSRNE2qlS5FRJg5pIFI+rYynQ4yNWUJvRbBi80bf6WtTG3LSdjFebO4iwUWuZOX4K0GNRzYp09FPHLZJwjs1 root@ubuntu-xenial
-----END SSH HOST KEY KEYS-----
[   67.319786] cloud-init[1347]: Cloud-init v. 0.7.9 running 'modules:final' at Wed, 23 Aug 2017 11:26:34 +0000. Up 66.93 seconds.
[   67.320001] cloud-init[1347]: ci-info: no authorized ssh keys fingerprints found for user ubuntu.
[   67.320124] cloud-init[1347]: Cloud-init v. 0.7.9 finished at Wed, 23 Aug 2017 11:26:34 +0000. Datasource DataSourceNoCloud [seed=/dev/sdb][dsmode=net].  Up 67.30 seconds
