[    0.000000] Initializing cgroup subsys cpuset
[    0.000000] Initializing cgroup subsys cpu
[    0.000000] Initializing cgroup subsys cpuacct
[    0.000000] Linux version 4.4.0-101-generic (buildd@lcy01-amd64-006) (gcc version 5.4.0 20160609 (Ubuntu 5.4.0-6ubuntu1~16.04.5) ) #124-Ubuntu SMP Fri Nov 10 18:29:59 UTC 2017 (Ubuntu 4.4.0-101.124-generic 4.4.95)
[    0.000000] Command line: BOOT_IMAGE=/boot/vmlinuz-4.4.0-101-generic root=LABEL=cloudimg-rootfs ro console=tty1 console=ttyS0
[    0.000000] KERNEL supported cpus:
[    0.000000]   Intel GenuineIntel
[    0.000000]   AMD AuthenticAMD
[    0.000000]   Centaur CentaurHauls
[    0.000000] x86/fpu: xstate_offset[2]:  576, xstate_sizes[2]:  256
[    0.000000] x86/fpu: Supporting XSAVE feature 0x01: 'x87 floating point registers'
[    0.000000] x86/fpu: Supporting XSAVE feature 0x02: 'SSE registers'
[    0.000000] x86/fpu: Supporting XSAVE feature 0x04: 'AVX registers'
[    0.000000] x86/fpu: Enabled xstate features 0x7, context size is 832 bytes, using 'standard' format.
[    0.000000] x86/fpu: Using 'lazy' FPU context switches.
[    0.000000] e820: BIOS-provided physical RAM map:
[    0.000000] BIOS-e820: [mem 0x0000000000000000-0x000000000009fbff] usable
[    0.000000] BIOS-e820: [mem 0x000000000009fc00-0x000000000009ffff] reserved
[    0.000000] BIOS-e820: [mem 0x00000000000f0000-0x00000000000fffff] reserved
[    0.000000] BIOS-e820: [mem 0x0000000000100000-0x000000003ffeffff] usable
[    0.000000] BIOS-e820: [mem 0x000000003fff0000-0x000000003fffffff] ACPI data
[    0.000000] BIOS-e820: [mem 0x00000000fec00000-0x00000000fec00fff] reserved
[    0.000000] BIOS-e820: [mem 0x00000000fee00000-0x00000000fee00fff] reserved
[    0.000000] BIOS-e820: [mem 0x00000000fffc0000-0x00000000ffffffff] reserved
[    0.000000] NX (Execute Disable) protection: active
[    0.000000] SMBIOS 2.5 present.
[    0.000000] Hypervisor detected: KVM
[    0.000000] e820: last_pfn = 0x3fff0 max_arch_pfn = 0x400000000
[    0.000000] MTRR: Disabled
[    0.000000] x86/PAT: MTRRs disabled, skipping PAT initialization too.
[    0.000000] CPU MTRRs all blank - virtualized system.
[    0.000000] x86/PAT: Configuration [0-7]: WB  WT  UC- UC  WB  WT  UC- UC  
[    0.000000] found SMP MP-table at [mem 0x0009fff0-0x0009ffff] mapped at [ffff88000009fff0]
[    0.000000] Scanning 1 areas for low memory corruption
[    0.000000] RAMDISK: [mem 0x36ad4000-0x37561fff]
[    0.000000] ACPI: Early table checksum verification disabled
[    0.000000] ACPI: RSDP 0x00000000000E0000 000024 (v02 VBOX  )
[    0.000000] ACPI: XSDT 0x000000003FFF0030 00003C (v01 VBOX   VBOXXSDT 00000001 ASL  00000061)
[    0.000000] ACPI: FACP 0x000000003FFF00F0 0000F4 (v04 VBOX   VBOXFACP 00000001 ASL  00000061)
[    0.000000] ACPI: DSDT 0x000000003FFF0470 0021C8 (v02 VBOX   VBOXBIOS 00000002 INTL 20100528)
[    0.000000] ACPI: FACS 0x000000003FFF0200 000040
[    0.000000] ACPI: FACS 0x000000003FFF0200 000040
[    0.000000] ACPI: APIC 0x000000003FFF0240 00005C (v02 VBOX   VBOXAPIC 00000001 ASL  00000061)
[    0.000000] ACPI: SSDT 0x000000003FFF02A0 0001CC (v01 VBOX   VBOXCPUT 00000002 INTL 20100528)
[    0.000000] No NUMA configuration found
[    0.000000] Faking a node at [mem 0x0000000000000000-0x000000003ffeffff]
[    0.000000] NODE_DATA(0) allocated [mem 0x3ffeb000-0x3ffeffff]
[    0.000000] kvm-clock: Using msrs 4b564d01 and 4b564d00
[    0.000000] kvm-clock: cpu 0, msr 0:3ffe3001, primary cpu clock
[    0.000000] kvm-clock: using sched offset of 4010791421 cycles
[    0.000000] clocksource: kvm-clock: mask: 0xffffffffffffffff max_cycles: 0x1cd42e4dffb, max_idle_ns: 881590591483 ns
[    0.000000] Zone ranges:
[    0.000000]   DMA      [mem 0x0000000000001000-0x0000000000ffffff]
[    0.000000]   DMA32    [mem 0x0000000001000000-0x000000003ffeffff]
[    0.000000]   Normal   empty
[    0.000000]   Device   empty
[    0.000000] Movable zone start for each node
[    0.000000] Early memory node ranges
[    0.000000]   node   0: [mem 0x0000000000001000-0x000000000009efff]
[    0.000000]   node   0: [mem 0x0000000000100000-0x000000003ffeffff]
[    0.000000] Initmem setup node 0 [mem 0x0000000000001000-0x000000003ffeffff]
[    0.000000] ACPI: PM-Timer IO Port: 0x4008
[    0.000000] IOAPIC[0]: apic_id 2, version 32, address 0xfec00000, GSI 0-23
[    0.000000] ACPI: INT_SRC_OVR (bus 0 bus_irq 0 global_irq 2 dfl dfl)
[    0.000000] ACPI: INT_SRC_OVR (bus 0 bus_irq 9 global_irq 9 high level)
[    0.000000] Using ACPI (MADT) for SMP configuration information
[    0.000000] smpboot: Allowing 2 CPUs, 0 hotplug CPUs
[    0.000000] PM: Registered nosave memory: [mem 0x00000000-0x00000fff]
[    0.000000] PM: Registered nosave memory: [mem 0x0009f000-0x0009ffff]
[    0.000000] PM: Registered nosave memory: [mem 0x000a0000-0x000effff]
[    0.000000] PM: Registered nosave memory: [mem 0x000f0000-0x000fffff]
[    0.000000] e820: [mem 0x40000000-0xfebfffff] available for PCI devices
[    0.000000] Booting paravirtualized kernel on KVM
[    0.000000] clocksource: refined-jiffies: mask: 0xffffffff max_cycles: 0xffffffff, max_idle_ns: 7645519600211568 ns
[    0.000000] setup_percpu: NR_CPUS:512 nr_cpumask_bits:512 nr_cpu_ids:2 nr_node_ids:1
[    0.000000] PERCPU: Embedded 34 pages/cpu @ffff88003fc00000 s98328 r8192 d32744 u1048576
[    0.000000] PV qspinlock hash table entries: 256 (order: 0, 4096 bytes)
[    0.000000] Built 1 zonelists in Node order, mobility grouping on.  Total pages: 257913
[    0.000000] Policy zone: DMA32
[    0.000000] Kernel command line: BOOT_IMAGE=/boot/vmlinuz-4.4.0-101-generic root=LABEL=cloudimg-rootfs ro console=tty1 console=ttyS0
[    0.000000] PID hash table entries: 4096 (order: 3, 32768 bytes)
[    0.000000] Memory: 1001756K/1048120K available (8484K kernel code, 1294K rwdata, 3988K rodata, 1492K init, 1316K bss, 46364K reserved, 0K cma-reserved)
[    0.000000] SLUB: HWalign=64, Order=0-3, MinObjects=0, CPUs=2, Nodes=1
[    0.000000] Hierarchical RCU implementation.
[    0.000000] 	Build-time adjustment of leaf fanout to 64.
[    0.000000] 	RCU restricting CPUs from NR_CPUS=512 to nr_cpu_ids=2.
[    0.000000] RCU: Adjusting geometry for rcu_fanout_leaf=64, nr_cpu_ids=2
[    0.000000] NR_IRQS:33024 nr_irqs:440 16
[    0.000000] Console: colour VGA+ 80x25
[    0.000000] console [tty1] enabled
[    0.000000] console [ttyS0] enabled
[    0.000000] tsc: Detected 2294.786 MHz processor
[    0.955958] Calibrating delay loop (skipped) preset value.. 4589.57 BogoMIPS (lpj=9179144)
[    0.957691] pid_max: default: 32768 minimum: 301
[    0.958603] ACPI: Core revision 20150930
[    0.972344] ACPI: 2 ACPI AML tables successfully acquired and loaded
[    0.993669] Security Framework initialized
[    0.994503] Yama: becoming mindful.
[    0.995267] AppArmor: AppArmor initialized
[    0.996203] Dentry cache hash table entries: 131072 (order: 8, 1048576 bytes)
[    1.017533] Inode-cache hash table entries: 65536 (order: 7, 524288 bytes)
[    1.019790] Mount-cache hash table entries: 2048 (order: 2, 16384 bytes)
[    1.020991] Mountpoint-cache hash table entries: 2048 (order: 2, 16384 bytes)
[    1.022388] Initializing cgroup subsys io
[    1.031218] Initializing cgroup subsys memory
[    1.032116] Initializing cgroup subsys devices
[    1.033004] Initializing cgroup subsys freezer
[    1.033877] Initializing cgroup subsys net_cls
[    1.034758] Initializing cgroup subsys perf_event
[    1.056643] Initializing cgroup subsys net_prio
[    1.076048] Initializing cgroup subsys hugetlb
[    1.076966] Initializing cgroup subsys pids
[    1.077903] CPU: Physical Processor ID: 0
[    1.078732] CPU: Processor Core ID: 0
[    1.079821] mce: CPU supports 0 MCE banks
[    1.080710] Last level iTLB entries: 4KB 512, 2MB 8, 4MB 8
[    1.081733] Last level dTLB entries: 4KB 512, 2MB 32, 4MB 32, 1GB 0
[    1.085018] Freeing SMP alternatives memory: 32K
[    1.094799] ftrace: allocating 32156 entries in 126 pages
[    1.148900] smpboot: APIC(0) Converting physical 0 to logical package 0
[    1.213215] smpboot: Max logical packages: 1
[    1.246276] x2apic enabled
[    1.298875] Switched APIC routing to physical x2apic.
[    1.301064] ..TIMER: vector=0x30 apic1=0 pin1=2 apic2=-1 pin2=-1
[    1.407811] smpboot: CPU0: Intel(R) Core(TM) i7-3610QM CPU @ 2.30GHz (family: 0x6, model: 0x3a, stepping: 0x9)
[    1.461572] Performance Events: unsupported p6 CPU model 58 no PMU driver, software events only.
[    1.486486] KVM setup paravirtual spinlock
[    1.488015] x86: Booting SMP configuration:
[    1.488898] .... node  #0, CPUs:      #1
[    1.489832] kvm-clock: cpu 1, msr 0:3ffe3041, secondary cpu clock
[    1.490995] mce: CPU supports 0 MCE banks
[    1.493495] x86: Booted up 1 node, 2 CPUs
[    1.494508] smpboot: Total of 2 processors activated (9179.14 BogoMIPS)
[    1.496110] devtmpfs: initialized
[    1.498685] evm: security.selinux
[    1.499462] evm: security.SMACK64
[    1.500216] evm: security.SMACK64EXEC
[    1.500985] evm: security.SMACK64TRANSMUTE
[    1.501827] evm: security.SMACK64MMAP
[    1.502586] evm: security.ima
[    1.534277] evm: security.capability
[    1.535239] clocksource: jiffies: mask: 0xffffffff max_cycles: 0xffffffff, max_idle_ns: 7645041785100000 ns
[    1.537102] futex hash table entries: 512 (order: 3, 32768 bytes)
[    1.538355] pinctrl core: initialized pinctrl subsystem
[    1.539482] RTC time: 14:53:50, date: 12/06/17
[    1.541487] NET: Registered protocol family 16
[    1.572422] cpuidle: using governor ladder
[    1.592420] cpuidle: using governor menu
[    1.657203] PCCT header not found.
[    1.658005] ACPI: bus type PCI registered
[    1.658825] acpiphp: ACPI Hot Plug PCI Controller Driver version: 0.5
[    1.660097] PCI: Using configuration type 1 for base access
[    1.673094] ACPI: Added _OSI(Module Device)
[    1.718425] ACPI: Added _OSI(Processor Device)
[    1.719333] ACPI: Added _OSI(3.0 _SCP Extensions)
[    1.771543] ACPI: Added _OSI(Processor Aggregator Device)
[    1.773280] ACPI: Executed 1 blocks of module-level executable AML code
[    1.800525] ACPI: Interpreter enabled
[    1.801320] ACPI: (supports S0 S5)
[    1.802055] ACPI: Using IOAPIC for interrupt routing
[    1.803154] PCI: Using host bridge windows from ACPI; if necessary, use "pci=nocrs" and report a bug
[    1.810037] ACPI: PCI Root Bridge [PCI0] (domain 0000 [bus 00-ff])
[    1.846324] acpi PNP0A03:00: _OSC: OS supports [ASPM ClockPM Segments MSI]
[    1.847537] acpi PNP0A03:00: _OSC failed (AE_NOT_FOUND); disabling ASPM
[    1.866199] acpi PNP0A03:00: fail to add MMCONFIG information, can't access extended PCI configuration space under this bridge.
[    1.868604] PCI host bridge to bus 0000:00
[    1.869444] pci_bus 0000:00: root bus resource [io  0x0000-0x0cf7 window]
[    1.873496] pci_bus 0000:00: root bus resource [io  0x0d00-0xffff window]
[    1.874693] pci_bus 0000:00: root bus resource [mem 0x000a0000-0x000bffff window]
[    1.876178] pci_bus 0000:00: root bus resource [mem 0x40000000-0xffdfffff window]
[    1.877715] pci_bus 0000:00: root bus resource [bus 00-ff]
[    1.886551] pci 0000:00:01.1: legacy IDE quirk: reg 0x10: [io  0x01f0-0x01f7]
[    1.906973] pci 0000:00:01.1: legacy IDE quirk: reg 0x14: [io  0x03f6]
[    1.908146] pci 0000:00:01.1: legacy IDE quirk: reg 0x18: [io  0x0170-0x0177]
[    1.909397] pci 0000:00:01.1: legacy IDE quirk: reg 0x1c: [io  0x0376]
[    1.924634] pci 0000:00:07.0: quirk: [io  0x4000-0x403f] claimed by PIIX4 ACPI
[    1.947829] pci 0000:00:07.0: quirk: [io  0x4100-0x410f] claimed by PIIX4 SMB
[    1.959935] ACPI: PCI Interrupt Link [LNKA] (IRQs 5 9 10 *11)
[    1.964598] ACPI: PCI Interrupt Link [LNKB] (IRQs 5 9 10 *11)
[    2.015310] ACPI: PCI Interrupt Link [LNKC] (IRQs 5 9 *10 11)
[    2.024865] ACPI: PCI Interrupt Link [LNKD] (IRQs 5 *9 10 11)
[    2.026473] ACPI: Enabled 2 GPEs in block 00 to 07
[    2.027845] vgaarb: setting as boot device: PCI:0000:00:02.0
[    2.028903] vgaarb: device added: PCI:0000:00:02.0,decodes=io+mem,owns=io+mem,locks=none
[    2.030528] vgaarb: loaded
[    2.031166] vgaarb: bridge control possible 0000:00:02.0
[    2.032466] SCSI subsystem initialized
[    2.051240] ACPI: bus type USB registered
[    2.052114] usbcore: registered new interface driver usbfs
[    2.065341] usbcore: registered new interface driver hub
[    2.066354] usbcore: registered new device driver usb
[    2.067631] PCI: Using ACPI for IRQ routing
[    2.068793] NetLabel: Initializing
[    2.069533] NetLabel:  domain hash size = 128
[    2.070391] NetLabel:  protocols = UNLABELED CIPSOv4
[    2.071352] NetLabel:  unlabeled traffic allowed by default
[    2.072589] amd_nb: Cannot enumerate AMD northbridges
[    2.082296] clocksource: Switched to clocksource kvm-clock
[    2.115431] AppArmor: AppArmor Filesystem Enabled
[    2.145224] pnp: PnP ACPI init
[    2.146735] pnp: PnP ACPI: found 3 devices
[    2.168881] clocksource: acpi_pm: mask: 0xffffff max_cycles: 0xffffff, max_idle_ns: 2085701024 ns
[    2.194517] NET: Registered protocol family 2
[    2.195587] TCP established hash table entries: 8192 (order: 4, 65536 bytes)
[    2.196842] TCP bind hash table entries: 8192 (order: 5, 131072 bytes)
[    2.198036] TCP: Hash tables configured (established 8192 bind 8192)
[    2.205198] UDP hash table entries: 512 (order: 2, 16384 bytes)
[    2.206282] UDP-Lite hash table entries: 512 (order: 2, 16384 bytes)
[    2.269369] NET: Registered protocol family 1
[    2.270236] pci 0000:00:00.0: Limiting direct PCI/PCI transfers
[    2.271366] pci 0000:00:01.0: Activating ISA DMA hang workarounds
[    2.273606] Unpacking initramfs...
[    3.996677] Freeing initrd memory: 10808K
[    4.048317] RAPL PMU detected, API unit is 2^-32 Joules, 3 fixed counters 10737418240 ms ovfl timer
[    4.050023] hw unit of domain pp0-core 2^-0 Joules
[    4.050985] hw unit of domain package 2^-0 Joules
[    4.051891] hw unit of domain pp1-gpu 2^-0 Joules
[    4.052852] platform rtc_cmos: registered platform RTC device (no PNP device found)
[    4.074920] Scanning for low memory corruption every 60 seconds
[    4.076535] audit: initializing netlink subsys (disabled)
[    4.077563] audit: type=2000 audit(1512572036.622:1): initialized
[    4.080478] Initialise system trusted keyring
[    4.085034] HugeTLB registered 2 MB page size, pre-allocated 0 pages
[    4.092872] zbud: loaded
[    4.093775] VFS: Disk quotas dquot_6.6.0
[    4.094638] VFS: Dquot-cache hash table entries: 512 (order 0, 4096 bytes)
[    4.096070] squashfs: version 4.0 (2009/01/31) Phillip Lougher
[    4.097532] fuse init (API version 7.23)
[    4.124521] Key type big_key registered
[    4.125340] Allocating IMA MOK and blacklist keyrings.
[    4.127971] Key type asymmetric registered
[    4.128830] Asymmetric key parser 'x509' registered
[    4.129800] Block layer SCSI generic (bsg) driver version 0.4 loaded (major 249)
[    4.131388] io scheduler noop registered
[    4.132195] io scheduler deadline registered (default)
[    4.135376] io scheduler cfq registered
[    4.136263] pci_hotplug: PCI Hot Plug PCI Core version: 0.5
[    4.137295] pciehp: PCI Express Hot Plug Controller Driver version: 0.4
[    4.138616] ACPI: AC Adapter [AC] (on-line)
[    4.157436] input: Power Button as /devices/LNXSYSTM:00/LNXPWRBN:00/input/input0
[    4.159994] ACPI: Power Button [PWRF]
[    4.160819] input: Sleep Button as /devices/LNXSYSTM:00/LNXSLPBN:00/input/input1
[    4.162292] ACPI: Sleep Button [SLPF]
[    4.163367] GHES: HEST is not enabled!
[    4.164106] ACPI: Battery Slot [BAT0] (battery present)
[    4.168310] Serial: 8250/16550 driver, 32 ports, IRQ sharing enabled
[    4.191950] 00:02: ttyS0 at I/O 0x3f8 (irq = 4, base_baud = 115200) is a 16550A
[    4.222395] Linux agpgart interface v0.103
[    4.249349] loop: module loaded
[    4.279401] scsi host0: ata_piix
[    4.280290] scsi host1: ata_piix
[    4.281037] ata1: PATA max UDMA/33 cmd 0x1f0 ctl 0x3f6 bmdma 0xd000 irq 14
[    4.282248] ata2: PATA max UDMA/33 cmd 0x170 ctl 0x376 bmdma 0xd008 irq 15
[    4.315698] libphy: Fixed MDIO Bus: probed
[    4.316565] tun: Universal TUN/TAP device driver, 1.6
[    4.317540] tun: (C) 1999-2004 Max Krasnyansky <maxk@qualcomm.com>
[    4.324628] PPP generic driver version 2.4.2
[    4.325599] ehci_hcd: USB 2.0 'Enhanced' Host Controller (EHCI) Driver
[    4.326928] ehci-pci: EHCI PCI platform driver
[    4.327828] ehci-platform: EHCI generic platform driver
[    4.328820] ohci_hcd: USB 1.1 'Open' Host Controller (OHCI) Driver
[    4.339022] ohci-pci: OHCI PCI platform driver
[    4.339908] ohci-platform: OHCI generic platform driver
[    4.343422] uhci_hcd: USB Universal Host Controller Interface driver
[    4.361231] i8042: PNP: PS/2 Controller [PNP0303:PS2K,PNP0f03:PS2M] at 0x60,0x64 irq 1,12
[    4.377371] serio: i8042 KBD port at 0x60,0x64 irq 1
[    4.423176] serio: i8042 AUX port at 0x60,0x64 irq 12
[    4.442492] mousedev: PS/2 mouse device common for all mice
[    4.444124] input: AT Translated Set 2 keyboard as /devices/platform/i8042/serio0/input/input2
[    4.447190] rtc_cmos rtc_cmos: rtc core: registered rtc_cmos as rtc0
[    4.515380] rtc_cmos rtc_cmos: alarms up to one day, 114 bytes nvram
[    4.516529] i2c /dev entries driver
[    4.517338] device-mapper: uevent: version 1.0.3
[    4.518432] device-mapper: ioctl: 4.34.0-ioctl (2015-10-28) initialised: dm-devel@redhat.com
[    4.520079] ledtrig-cpu: registered to indicate activity on CPUs
[    4.521958] NET: Registered protocol family 10
[    4.523113] NET: Registered protocol family 17
[    4.531536] Key type dns_resolver registered
[    4.532593] microcode: CPU0 sig=0x306a9, pf=0x2, revision=0x19
[    4.549173] microcode: CPU1 sig=0x306a9, pf=0x2, revision=0x19
[    4.550373] microcode: Microcode Update Driver: v2.01 <tigran@aivazian.fsnet.co.uk>, Peter Oruba
[    4.627590] registered taskstats version 1
[    4.628441] Loading compiled-in X.509 certificates
[    4.630068] Loaded X.509 cert 'Build time autogenerated kernel key: f91c6829a34a801956ec6287af569c0a1f1f8d39'
[    4.637939] zswap: loaded using pool lzo/zbud
[    4.654294] Key type trusted registered
[    4.658255] Key type encrypted registered
[    4.659119] AppArmor: AppArmor sha1 policy hashing enabled
[    4.660136] ima: No TPM chip found, activating TPM-bypass!
[    4.661179] evm: HMAC attrs: 0x1
[    4.662278]   Magic number: 13:311:889
[    4.663208] rtc_cmos rtc_cmos: setting system clock to 2017-12-06 14:53:53 UTC (1512572033)
[    4.664980] BIOS EDD facility v0.16 2004-Jun-25, 0 devices found
[    4.666076] EDD information not available.
[    4.668313] Freeing unused kernel memory: 1492K
[    4.671576] Write protecting the kernel read-only data: 14336k
[    4.673140] Freeing unused kernel memory: 1744K
[    4.674372] Freeing unused kernel memory: 108K
Loading, please [    4.687117] random: systemd-udevd: uninitialized urandom read (16 bytes read, 2 bits of entropy available)
wait...
starting version 229
[    4.687756] random: udevadm: uninitialized urandom read (16 bytes read, 2 bits of entropy available)
[    4.687777] random: udevadm: uninitialized urandom read (16 bytes read, 2 bits of entropy available)
[    4.695984] random: udevadm: uninitialized urandom read (16 bytes read, 2 bits of entropy available)
[    4.696021] random: udevadm: uninitialized urandom read (16 bytes read, 2 bits of entropy available)
[    4.696159] random: udevadm: uninitialized urandom read (16 bytes read, 2 bits of entropy available)
[    4.696214] random: udevadm: uninitialized urandom read (16 bytes read, 2 bits of entropy available)
[    4.696263] random: udevadm: uninitialized urandom read (16 bytes read, 2 bits of entropy available)
[    4.696311] random: udevadm: uninitialized urandom read (16 bytes read, 2 bits of entropy available)
[    4.696359] random: udevadm: uninitialized urandom read (16 bytes read, 2 bits of entropy available)
[    4.784057] e1000: Intel(R) PRO/1000 Network Driver - version 7.3.21-k8-NAPI
[    4.809362] e1000: Copyright (c) 1999-2006 Intel Corporation.
[    4.815387] Fusion MPT base driver 3.04.20
[    4.817461] Copyright (c) 1999-2008 LSI Corporation
[    4.833781] AVX version of gcm_enc/dec engaged.
[    4.859946] AES CTR mode by8 optimization enabled
[    4.863553] Fusion MPT SPI Host driver 3.04.20
[    4.990845] input: ImExPS/2 Generic Explorer Mouse as /devices/platform/i8042/serio1/input/input4
[    5.050394] tsc: Refined TSC clocksource calibration: 2295.381 MHz
[    5.062122] clocksource: tsc: mask: 0xffffffffffffffff max_cycles: 0x211629ce750, max_idle_ns: 440795226544 ns
[    5.223055] e1000 0000:00:03.0 eth0: (PCI:33MHz:32-bit) 02:b9:83:f0:a4:db
[    5.254106] e1000 0000:00:03.0 eth0: Intel(R) PRO/1000 Network Connection
[    5.292621] mptbase: ioc0: Initiating bringup
[    5.354785] ioc0: LSI53C1030 A0: Capabilities={Initiator}
[    5.573883] scsi host2: ioc0: LSI53C1030 A0, FwRev=00000000h, Ports=1, MaxQ=256, IRQ=20
[    5.699067] scsi 2:0:0:0: Direct-Access     VBOX     HARDDISK         1.0  PQ: 0 ANSI: 5
[    5.712709] scsi target2:0:0: Beginning Domain Validation
[    5.717333] scsi target2:0:0: Domain Validation skipping write tests
[    5.719932] scsi target2:0:0: Ending Domain Validation
[    5.722188] scsi target2:0:0: asynchronous
[    5.724907] scsi 2:0:1:0: Direct-Access     VBOX     HARDDISK         1.0  PQ: 0 ANSI: 5
[    5.767425] scsi target2:0:1: Beginning Domain Validation
[    5.779944] scsi target2:0:1: Domain Validation skipping write tests
[    5.781139] scsi target2:0:1: Ending Domain Validation
[    5.782262] scsi target2:0:1: asynchronous
[    5.807333] sd 2:0:0:0: Attached scsi generic sg0 type 0
[    5.830068] sd 2:0:1:0: [sdb] 20480 512-byte logical blocks: (10.5 MB/10.0 MiB)
[    5.831900] sd 2:0:1:0: [sdb] Write Protect is off
[    5.832958] sd 2:0:1:0: [sdb] Incomplete mode parameter data
[    5.834058] sd 2:0:1:0: [sdb] Assuming drive cache: write through
[    5.835661] sd 2:0:0:0: [sda] 20971520 512-byte logical blocks: (10.7 GB/10.0 GiB)
[    5.835842] sd 2:0:1:0: Attached scsi generic sg1 type 0
[    5.843962] sd 2:0:0:0: [sda] Write Protect is off
[    5.845120] sd 2:0:0:0: [sda] Incomplete mode parameter data
[    5.846225] sd 2:0:0:0: [sda] Assuming drive cache: write through
[    5.893449]  sda: sda1
[    5.905436] sd 2:0:0:0: [sda] Attached SCSI disk
[    5.934503] sd 2:0:1:0: [sdb] Attached SCSI disk
[    6.066647] e1000 0000:00:08.0 eth1: (PCI:33MHz:32-bit) 08:00:27:01:2f:5a
[    6.091479] e1000 0000:00:08.0 eth1: Intel(R) PRO/1000 Network Connection
[    6.105786] e1000 0000:00:08.0 enp0s8: renamed from eth1
[    6.138554] e1000 0000:00:03.0 enp0s3: renamed from eth0
[    7.866799] floppy0: no floppy controllers found
Begin: Loading e[    9.266983] md: linear personality registered for level -1
ssential drivers[    9.283263] md: multipath personality registered for level -4
 ... [    9.340529] md: raid0 personality registered for level 0
[    9.465513] md: raid1 personality registered for level 1
[    9.538329] raid6: sse2x1   gen()  8126 MB/s
[    9.618791] raid6: sse2x1   xor()  6506 MB/s
[    9.714311] raid6: sse2x2   gen() 10217 MB/s
[    9.794822] raid6: sse2x2   xor()  7111 MB/s
[    9.898327] raid6: sse2x4   gen() 11991 MB/s
[    9.966341] raid6: sse2x4   xor()  8872 MB/s
[    9.970116] raid6: using algorithm sse2x4 gen() 11991 MB/s
[    9.971162] raid6: .... xor() 8872 MB/s, rmw enabled
[    9.972124] raid6: using ssse3x2 recovery algorithm
[   10.008128] xor: automatically using best checksumming function:
[   10.058358]    avx       : 16881.000 MB/sec
[   10.088624] async_tx: api initialized (async)
[   10.201116] md: raid6 personality registered for level 6
[   10.224291] md: raid5 personality registered for level 5
[   10.243317] md: raid4 personality registered for level 4
[   10.249294] md: raid10 personality registered for level 10
done.
Begin: Running /scripts/init-premount ... done.
Begin: Mounting root file system ... Begin: Running /scripts/local-top ... done.
Begin: Running /scripts/local-premount ... [   10.276000] Btrfs loaded
Scanning for Btrfs filesystems
done.
Warning: fsck not present, so skipping root file system
[   10.495231] EXT4-fs (sda1): mounted filesystem with ordered data mode. Opts: (null)
done.
Begin: Running /scripts/local-bottom ... done.
Begin: Running /scripts/init-bottom ... done.
[   11.229690] random: nonblocking pool is initialized
[   12.304823] systemd[1]: systemd 229 running in system mode. (+PAM +AUDIT +SELINUX +IMA +APPARMOR +SMACK +SYSVINIT +UTMP +LIBCRYPTSETUP +GCRYPT +GNUTLS +ACL +XZ -LZ4 +SECCOMP +BLKID +ELFUTILS +KMOD -IDN)
[   12.377840] systemd[1]: Detected virtualization oracle.
[   12.378876] systemd[1]: Detected architecture x86-64.

Welcome to [1mUbuntu 16.04.3 LTS[0m!

[   12.496769] systemd[1]: Set hostname to <ubuntu>.
[   12.613977] systemd[1]: Initializing machine ID from random generator.
[   12.641064] systemd[1]: Installed transient /etc/machine-id file.
[   16.372703] systemd[1]: Listening on Journal Socket (/dev/log).
[[0;32m  OK  [0m] Listening on Journal Socket (/dev/log).
[   16.419046] systemd[1]: Listening on Syslog Socket.
[[0;32m  OK  [0m] Listening on Syslog Socket.
[   16.443816] systemd[1]: Reached target User and Group Name Lookups.
[[0;32m  OK  [0m] Reached target User and Group Name Lookups.
[   16.501374] systemd[1]: Reached target Encrypted Volumes.
[[0;32m  OK  [0m] Reached target Encrypted Volumes.
[   16.548704] systemd[1]: Started Forward Password Requests to Wall Directory Watch.
[[0;32m  OK  [0m] Started Forward Password Requests to Wall Directory Watch.
[   16.566110] systemd[1]: Listening on /dev/initctl Compatibility Named Pipe.
[[0;32m  OK  [0m] Listening on /dev/initctl Compatibility Named Pipe.
[   16.604670] systemd[1]: Created slice User and Session Slice.
[[0;32m  OK  [0m] Created slice User and Session Slice.
[   16.607966] systemd[1]: Set up automount Arbitrary Executable File Formats File System Automount Point.
[[0;32m  OK  [0m] Set up automount Arbitrary Executab...ats File System Automount Point.
[   16.612744] systemd[1]: Listening on Device-mapper event daemon FIFOs.
[[0;32m  OK  [0m] Listening on Device-mapper event daemon FIFOs.
[   16.615379] systemd[1]: Created slice System Slice.
[[0;32m  OK  [0m] Created slice System Slice.
[   16.617341] systemd[1]: Reached target Slices.
[[0;32m  OK  [0m] Reached target Slices.
[   16.619262] systemd[1]: Listening on Journal Socket.
[[0;32m  OK  [0m] Listening on Journal Socket.
[   16.642427] systemd[1]: Mounting POSIX Message Queue File System...
         Mounting POSIX Message Queue File System...
[   16.706894] systemd[1]: Starting Nameserver information manager...
         Starting Nameserver information manager...
[   16.806954] systemd[1]: Mounting Debug File System...
         Mounting Debug File System...
[   16.822874] systemd[1]: Starting Set console keymap...
         Starting Set console keymap...
[   16.835771] systemd[1]: Mounting Huge Pages File System...
         Mounting Huge Pages File System...
[   16.906464] systemd[1]: Starting Uncomplicated firewall...
         Starting Uncomplicated firewall...
[   16.935281] systemd[1]: Starting Remount Root and Kernel File Systems...
         Starting Remount Root and Kernel File Systems...
[   16.995187] systemd[1]: Starting Create list of required static device nodes for the current kernel...
         Starting Create list of required st... nodes for the current kernel...
[   17.130164] EXT4-fs (sda1): re-mounted. Opts: (null)
[   17.260987] systemd[1]: Listening on LVM2 poll daemon socket.
[[0;32m  OK  [0m] Listening on LVM2 poll daemon socket.
[   17.291328] systemd[1]: Listening on Journal Audit Socket.
[[0;32m  OK  [0m] Listening on Journal Audit Socket.
[   17.310513] systemd[1]: Starting Journal Service...
         Starting Journal Service...
[   17.370661] systemd[1]: Listening on udev Kernel Socket.
[[0;32m  OK  [0m] Listening on udev Kernel Socket.
[   17.386403] systemd[1]: Started Trigger resolvconf update for networkd DNS.
[[0;32m  OK  [0m] Started Trigger resolvconf update for networkd DNS.
[   17.562768] systemd[1]: Starting Load Kernel Modules...
         Starting Load Kernel Modules...
[   17.623325] systemd[1]: Created slice system-serial\x2dgetty.slice.
[[0;32m  OK  [0m] Created slice system-serial\x2dgetty.slice.
[   17.662703] systemd[1]: Reached target Swap.
[[0;32m  OK  [0m] Reached target Swap.
[   17.699211] systemd[1]: Listening on udev Control Socket.
[[0;32m  OK  [0m] Listening on udev Control Socket.
[   17.701667] systemd[1]: Listening on LVM2 metadata daemon socket.
[[0;32m  OK  [0m] Listening on LVM2 metadata daemon socket.
[   17.770647] systemd[1]: Starting Monitoring of LVM2 mirrors, snapshots etc. using dmeventd or progress polling...
         Starting Monitoring of LVM2 mirrors... dmeventd or progress polling...
[   17.800188] systemd[1]: Mounted POSIX Message Queue File System.
[[0;32m  OK  [0m] Mounted POSIX Message Queue File System.
[   17.820488] systemd[1]: Mounted Huge Pages File System.
[[0;32m  OK  [0m] Mounted Huge Pages File System.
[   17.824025] systemd[1]: Mounted Debug File System.
[[0;32m  OK  [0m] Mounted Debug File System.
[   17.829427] systemd[1]: Started Set console keymap.
[[0;32m  OK  [0m] Started Set console keymap.
[   17.911177] systemd[1]: Started Uncomplicated firewall.
[[0;32m  OK  [0m] Started Uncomplicated firewall.
[   17.958248] systemd[1]: Started Remount Root and Kernel File Systems.
[[0;32m  OK  [0m] Started Remount Root and Kernel File Systems.
[   17.983620] systemd[1]: Started Create list of required static device nodes for the current kernel.
[[0;32m  OK  [0m] Started Create list of required sta...ce nodes for the current kernel.
[   18.054764] systemd[1]: Started Nameserver information manager.
[[0;32m  OK  [0[   18.089529] Loading iSCSI transport class v2.0-870.
m] Started Nameserver information manager.
[   18.210667] systemd[1]: Starting Create Static Device Nodes in /dev...
         Starting Create Static Device Nodes in /dev...
[   18.270585] systemd[1]: Starting Load/Save Random Seed...
         Starting Load/Save Random Seed...
[   18.349799] iscsi: registered transport (tcp)
[   18.586652] systemd[1]: Starting udev Coldplug all Devices...
         Starting udev Coldplug all Devices...
[   18.662656] systemd[1]: Starting Initial cloud-init job (pre-networking)...
         Starting Initial cloud-init job (pre-networking)...
[   18.897516] systemd[1]: Started udev Coldplug all Devices.
[[0;32m  OK  [0m] Started udev Coldplug all Devices.
[   19.132749] systemd[1]: Started Journal Service.
[[0;32m  OK  [0m] Started Journal Service.
         Starting Flush Journal to Persistent Storage...
[[0;32m  OK  [0m] Started Load/Save Random Seed.
[[0;32m  OK  [0m] Started LVM2 metadata daemon.
[   19.780879] systemd-journald[403]: Received request to flush runtime journal from PID 1
[[0;32m  OK  [0m] Started Flush Journal to Persistent Storage.
[   19.950800] iscsi: registered transport (iser)
[[0;32m  OK  [0m] Started Load Kernel Modules.
         Starting Apply Kernel Variables...
         Mounting FUSE Control File System...
[[0;32m  OK  [0m] Mounted FUSE Control File System.
[[0;32m  OK  [0m] Started Monitoring of LVM2 mirrors,...ng dmeventd or progress polling.
[[0;32m  OK  [0m] Started Apply Kernel Variables.
[[0;32m  OK  [0m] Started Create Static Device Nodes in /dev.
         Starting udev Kernel Device Manager...
[[0;32m  OK  [0m] Started udev Kernel Device Manager.
[[0;32m  OK  [0m] Reached target Local File Systems (Pre).
[[0;32m  OK  [0m] Reached target Local File Systems.
         Starting Commit a transient machine-id on disk...
         Starting Set console font and keymap...
         Starting LSB: AppArmor initialization...
         Starting Tell Plymouth To Write Out Runtime Data...
         Starting Create Volatile Files and Directories...
[[0;32m  OK  [0m] Started Dispatch Password Requests to Console Directory Watch.
[[0;32m  OK  [0m] Started Commit a transient machine-id on disk.
[[0;32m  OK  [0m] Started Tell Plymouth To Write Out Runtime Data.
[[0;32m  OK  [0m] Started Create Volatile Files and Directories.
[[0;32m  OK  [0m] Reached target System Time Synchronized.
         Starting Update UTMP about System Boot/Shutdown...
[[0;32m  OK  [0m] Started Update UTMP about System Boot/Shutdown.
[[0;32m  OK  [0m] Found device /dev/ttyS0.
[[0;32m  OK  [0m] Started Set console font and keymap.
[[0;32m  OK  [0m] Created slice system-getty.slice.
[[0;32m  OK  [0m] Listening on Load/Save RF Kill Switch Status /dev/rfkill Watch.
[[0;32m  OK  [0m] Started LSB: AppArmor initialization.
[   41.339106] cloud-init[435]: Cloud-init v. 17.1 running 'init-local' at Wed, 06 Dec 2017 14:54:28 +0000. Up 38.19 seconds.
[[0;32m  OK  [0m] Started Initial cloud-init job (pre-networking).
[[0;32m  OK  [0m] Reached target Network (Pre).
         Starting Raise network interfaces...
[[0;32m  OK  [0m] Started Raise network interfaces.
[[0;32m  OK  [0m] Reached target Network.
         Starting Initial cloud-init job (metadata service crawler)...
[   45.393953] cloud-init[956]: Cloud-init v. 17.1 running 'init' at Wed, 06 Dec 2017 14:54:33 +0000. Up 42.44 seconds.
[   45.460687] [[0;32m  OK  [0m] Started Initial cloud-init job (metadata service crawler).
cloud-init[956]: ci-info: ++++++++++++++++++++++++++++++++++++++Net device info++++++++++++++++++++++++++++++++++++++
[   45.608986] [cloud-init[0;32m  OK  [0m[956]: ] ci-info: +--------+-------+----------------------------+---------------+-------+-------------------+Reached target System Initialization.

[   45.610224] cloud-init[956]: ci-info: | Device |   Up  |          Address           |      Mask     | Scope |     Hw-Address    |
[   45.666792]          Starting LXD - unix socket.
[[0;32m  OK  [0m] Listening on ACPID Listen Socket.
[[0;32m  OK  [0m] Started Timer to automatically refresh installed snaps.
[[0;32m  OK  [0m] Started Daily Cleanup of Temporary Directories.
cloud-init[956]: ci-info: +--------+-------+----------------------------+---------------+-------+-------------------+
[[0;32m  OK  [0m] Started ACPI Events Check.
[   45.731468] cloud-init[956]: ci-info: | enp0s3 |  True |         10.0.2.15          | 255.255.255.0 |   .   | 02:b9:83:f0:a4:db |
[   45.786933] [[0;32m  OK  [0m] Reached target Paths.
[[0;32m  OK  [0m] Listening on UUID daemon activation socket.
         Starting Socket activation for snappy daemon.
cloud-init[956]: ci-info: | enp0s3 |  True | fe80::b9:83ff:fef0:a4db/64 |       .       |  link | 02:b9:83:f0:a4:db |
[   45.909028] [cloud-init[0;32m  OK  [0m[956]: ] ci-info: | enp0s8 | False |             .              |       .       |   .   | 08:00:27:01:2f:5a |Listening on D-Bus System Message Bus Socket.

[   45.910344] [[0;32m  OK  [0m] Reached target Network is Online.
[[0;32m  OK  [0m] Started Daily apt download activities.
cloud-init[956]: ci-info: |   lo   |  True |         127.0.0.1          |   255.0.0.0   |   .   |         .         |
[   46.192937] cloud-init[956]: ci-info: |   lo   |  True |          ::1/128           |       .       |  host |         .         |
[[0;32m  OK  [0m] Started Daily apt upgrade and clean activities.
[   46.193994] [cloud-init[0;32m  OK  [0m[956]: ] ci-info: +--------+-------+----------------------------+---------------+-------+-------------------+Reached target Timers.

[   46.317604] cloud-init[956]: ci-info: +++++++++++++++++++++++++++Route IPv4 info++++++++++++++++++++++++++++
[   46.319578] cloud-init[956]: ci-info: +-------+-------------+----------+---------------+-----------+-------+
[   46.321556] cloud-init[956]: ci-info: | Route | Destination | Gateway  |    Genmask    | Interface | Flags |
[   46.374681] cloud-init[956]: ci-info: +-------+-------------+----------+---------------+-----------+-------+
[   46.376077] cloud-init[956]: ci-info: |   0   |   0.0.0.0   | 10.0.2.2 |    0.0.0.0    |   enp0s3  |   UG  |
[   46.376229] cloud-init[956]: ci-info: |   1   |   10.0.2.0  | 0.0.0.0  | 255.255.255.0 |   enp0s3  |   U   |
[   46.376420] cloud-init[956]: ci-info: +-------+-------------+----------+---------------+-----------+-------+
[   46.376578] cloud-init[956]: Generating public/private rsa key pair.
[   46.376707] cloud-init[956]: Your identification has been saved in /etc/ssh/ssh_host_rsa_key.
[   46.377044] cloud-init[956]: Your public key has been saved in /etc/ssh/ssh_host_rsa_key.pub.
[   46.377244] cloud-init[956]: The key fingerprint is:
[   46.377433] cloud-init[956]: SHA256:mobGH13HnN8+LAWlVw6BvrtxfU8DwyGKdehx/Olhu1w root@ubuntu-xenial
[   46.377565] cloud-init[956]: The key's randomart image is:
[   46.377681] cloud-init[956]: +---[RSA 2048]----+
[   46.377790] cloud-init[956]: |             ... |
[   46.377974] cloud-init[956]: |          o . ...|
[   46.378084] cloud-init[956]: |         + * .oo.|
[   46.378819] cloud-init[956]: |        + =o=+o..|
[   46.379048] cloud-init[956]: |       .So. =Xo  |
[   46.379160] cloud-init[956]: |   . . + . .+.=+ |
[   46.379267] cloud-init[956]: |    + = .   .+=E=|
[   46.379412] cloud-init[956]: |   . o .    o+o=+|
[   46.379526] cloud-init[956]: |      .     .+. +|
[   46.379764] cloud-init[956]: +----[SHA256]-----+
[   46.379911] cloud-init[956]: Generating public/private dsa key pair.
[   46.380025] cloud-init[956]: Your identification has been saved in /etc/ssh/ssh_host_dsa_key.
[   46.380132] cloud-init[956]: Your public key has been saved in /etc/ssh/ssh_host_dsa_key.pub.
[   46.380235] cloud-init[956]: The key fingerprint is:
[   46.380422] cloud-init[956]: SHA256:rK6leQQKxkc6+qW5AxKcrxeJNGObkI4yNPnAsqOdeE8 root@ubuntu-xenial
[   46.380548] cloud-init[956]: The key's randomart image is:
[   46.380653] cloud-init[956]: +---[DSA 1024]----+
[   46.380760] cloud-init[956]: |                 |
         Starting iSCSI initiator daemon (iscsid)...
[[0;32m  OK  [0m] Reached target Cloud-config availability.
[   46.380862] cloud-init[956]: |   .             |
[   46.602161] [cloud-init[0;32m  OK  [0m[956]: ] |+.=              |Listening on LXD - unix socket.

[   46.624700] [[0;32m  OK  [0m] Listening on Socket activation for snappy daemon.
cloud-init[956]: |*^ ..  .         |
[   46.644913] cloud-init[[0;32m  OK  [0m] Reached target Sockets.
[[0;32m  OK  [0m] Reached target Basic System.
[956]: |@+&...  S        |
[   46.664959]          cloud-initStarting LSB: MD monitoring daemon...[956]: 
|X=.=. ..         |
[   46.689122]          Starting System Logging Service...
cloud-init[956]: |+B.=E.o          |
[   46.690940] cloud-init[956]: |o.Oo =.          |
[   46.692603] cloud-init[956]: | .o+=o.          |
[   46.708799]          Starting Accounts Service...
cloud-init[956]: +----[SHA256]-----+
[   46.712073] [cloud-init[0;32m  OK  [0m[956]: ] Generating public/private ecdsa key pair.Started Deferred execution scheduler.

[   46.712584] cloud-init[956]: Your identification has been saved in /etc/ssh/ssh_host_ecdsa_key.
[   46.772802]          cloud-initStarting /etc/rc.local Compatibility...[956]: 
Your public key has been saved in /etc/ssh/ssh_host_ecdsa_key.pub.
[   46.804296] cloud-init[[0;32m  OK  [0m] Started D-Bus System Message Bus.
[956]: The key fingerprint is:
[   46.828486] cloud-init[956]: SHA256:Qo5AwpoR7D5iQssgsGRt+q5dreQhuwYkB7JqPRDVLzg root@ubuntu-xenial
[   46.840986] cloud-init[956]: The key's randomart image is:
[   46.842621] cloud-init[956]: +---[ECDSA 256]---+
[   46.844268] cloud-init[956]: |=.+..            |
[   46.852675] cloud-init[956]: |=O o .           |
[   46.855580] cloud-init[956]: |B*= . o          |
[   46.857021] cloud-init[956]: |O*.E = .         |
[   46.858400] cloud-init[956]: |X.= o + S        |
[   46.864336] cloud-init[956]: |+O +  ..         |
[   46.881755] cloud-init[956]: |= +..+ .         |
[   46.883347] cloud-init[956]: |  .o* o          |
[   46.884826] cloud-init[956]: | .o+.o           |
[   46.887653] cloud-init[956]: +----[SHA256]-----+
[   46.889100] cloud-init[956]: Generating public/private ed25519 key pair.
[   46.890719] cloud-init[956]: Your identification has been saved in /etc/ssh/ssh_host_ed25519_key.
[   46.900998] cloud-init[956]: Your public key has been saved in /etc/ssh/ssh_host_ed25519_key.pub.
[   46.912341] cloud-init[956]: The key fingerprint is:
[   46.913861] cloud-init[956]: SHA256:KYKAMXkPuiiUkslGeNRBQKTGKqXeM7E4Ry4eij6rwuw root@ubuntu-xenial
[   46.915959] cloud-init[956]: The key's randomart image is:
[   46.917596] cloud-init[956]: +--[ED25519 256]--+
[   46.919024] cloud-init[956]: |+==+o.           |
[   46.920497] cloud-init[956]: |==+ .            |
[   46.921898] cloud-init[956]: |*Ooo             |
[   46.923405] cloud-init[956]: |BO ..    .       |
[   46.925319] cloud-init[956]: |O..o. . S        |
[   46.926713] cloud-init[956]: |* = o. .         |
[   46.928110] cloud-init[956]: |+* B             |
[   46.933215] cloud-init[956]: |=+= o            |
[   46.934671] cloud-init[956]: |OEo              |
[   46.936123] cloud-init[956]: +----[SHA256]-----+
[[0;32m  OK  [0m] Started FUSE filesystem for LXC.
[[0;32m  OK  [0m] Started ACPI event daemon.
         Starting Login Service...
         Starting Snappy daemon...
[[0;32m  OK  [0m] Started Regular background program processing daemon.
         Starting LSB: Record successful boot for GRUB...
         Starting Apply the settings specified in cloud-config...
[[0;32m  OK  [0m] Started Unattended Upgrades Shutdown.
         Starting Pollinate to seed the pseudo random number generator...
         Starting LXD - container startup/shutdown...
[[0;32m  OK  [0m] Started System Logging Service.
[[0;32m  OK  [0m] Started iSCSI initiator daemon (iscsid).
[[0;32m  OK  [0m] Started /etc/rc.local Compatibility.
[[0;32m  OK  [0m] Started Login Service.
         Starting Authenticate and Authorize Users to Run Privileged Tasks...
         Starting Login to default iSCSI targets...
[[0;32m  OK  [0m] Started LSB: MD monitoring daemon.
[[0;32m  OK  [0m] Started Login to default iSCSI targets.
[[0;32m  OK  [0m] Reached target Remote File Systems (Pre).
[[0;32m  OK  [0m] Reached target Remote File Systems.
         Starting LSB: Set the CPU Frequency Scaling governor to "ondemand"...
         Starting LSB: daemon to balance interrupts for SMP systems...
         Starting LSB: automatic crash report generation...
         Starting LSB: VirtualBox Linux Additions...
         Starting Permit User Sessions...
[[0;32m  OK  [0m] Started LSB: Record successful boot for GRUB.
[[0;32m  OK  [0m] Started LSB: Set the CPU Frequency Scaling governor to "ondemand".
[[0;32m  OK  [0m] Started Authenticate and Authorize Users to Run Privileged Tasks.
[[0;32m  OK  [0m] Started Accounts Service.
[[0;32m  OK  [0m] Started Permit User Sessions.
         Starting Terminate Plymouth Boot Screen...
         Starting Hold until boot process finishes up...
[[0;32m  OK  [0m] Started Terminate Plymouth Boot Screen.
[[0;32m  OK  [0m] Started Hold until boot process finishes up.
[[0;32m  OK  [0m] Started Getty on tty1.
         Starting Set console scheme...
[[0;32m  OK  [0m] Started Serial Getty on ttyS0.
[[0;32m  OK  [0m] Reached target Login Prompts.
[[0;32m  OK  [0m] Started LSB: daemon to balance interrupts for SMP systems.
[   50.898571] cloud-init[1090]: Generating locales (this might take a while)...
[[0;32m  OK  [0m] Started LSB: automatic crash report generation.
[[0;32m  OK  [0m] Started Set console scheme.
[[0;32m  OK  [0m] Started LSB: VirtualBox Linux Additions.
[   54.728991] cloud-init[1090]:   en_US.UTF-8... done
[   54.754167] cloud-init[1090]: Generation complete.
[[0;32m  OK  [0m] Started Snappy daemon.
[[0;32m  OK  [0m] Started Pollinate to seed the pseudo random number generator.
         Starting OpenBSD Secure Shell server...

Ubuntu 16.04.3 LTS ubuntu-xenial ttyS0

ubuntu-xenial login: [   59.736525] cloud-init[1090]: Cloud-init v. 17.1 running 'modules:config' at Wed, 06 Dec 2017 14:54:39 +0000. Up 48.75 seconds.
ci-info: no authorized ssh keys fingerprints found for user ubuntu.
<14>Dec  6 14:54:51 ec2: 
<14>Dec  6 14:54:51 ec2: #############################################################
<14>Dec  6 14:54:51 ec2: -----BEGIN SSH HOST KEY FINGERPRINTS-----
<14>Dec  6 14:54:51 ec2: 1024 SHA256:rK6leQQKxkc6+qW5AxKcrxeJNGObkI4yNPnAsqOdeE8 root@ubuntu-xenial (DSA)
<14>Dec  6 14:54:51 ec2: 256 SHA256:Qo5AwpoR7D5iQssgsGRt+q5dreQhuwYkB7JqPRDVLzg root@ubuntu-xenial (ECDSA)
<14>Dec  6 14:54:51 ec2: 256 SHA256:KYKAMXkPuiiUkslGeNRBQKTGKqXeM7E4Ry4eij6rwuw root@ubuntu-xenial (ED25519)
<14>Dec  6 14:54:51 ec2: 2048 SHA256:mobGH13HnN8+LAWlVw6BvrtxfU8DwyGKdehx/Olhu1w root@ubuntu-xenial (RSA)
<14>Dec  6 14:54:51 ec2: -----END SSH HOST KEY FINGERPRINTS-----
<14>Dec  6 14:54:51 ec2: #############################################################
-----BEGIN SSH HOST KEY KEYS-----
ecdsa-sha2-nistp256 AAAAE2VjZHNhLXNoYTItbmlzdHAyNTYAAAAIbmlzdHAyNTYAAABBBBc0dekP2dgmtJBphd01ADvH3nSlKJ4cZl5bdLGc1kGteqbEOtIKa50bTg1y9CmXrVaf8dVlP5wBfe2HZ8TZW74= root@ubuntu-xenial
ssh-ed25519 AAAAC3NzaC1lZDI1NTE5AAAAIK4VLNMgE1wCSzlZ27ehbcIxIk9ZMRkolrC7mrc6254D root@ubuntu-xenial
ssh-rsa AAAAB3NzaC1yc2EAAAADAQABAAABAQCgD8u4RFXzbMNmcs40AHY3Np/BmA0EYGEc97jojH4zefAJqUmzZ/h+0RY2EounXxTJgBMOUcLUED95ABnphsOW3FyIClsT4bwgL0o7Q2mgLqGkWl+Ba+whaMBu61iN5xne9E1Ni9QMOhbjTJv8wcKozNxj9NGbiZjKlQsNdleJU/lWa/HPsWG/M6PAHaAkWciEFdJL2i6MzxTMJfTlEqHCzV1ljXfpmLLe4vTcVtTHd/XkRASLoQO3L6DbJoVt++1Sk1Kd5ds0z+HopS2V2KP0wMIqFWzJpvL3cOXQT6RixcP0wSezA6/hdf8AqxO1D06UJTW0+Qe6/YchyPscBPef root@ubuntu-xenial
-----END SSH HOST KEY KEYS-----
[   60.504156] cloud-init[1322]: Cloud-init v. 17.1 running 'modules:final' at Wed, 06 Dec 2017 14:54:50 +0000. Up 60.12 seconds.
[   60.504379] cloud-init[1322]: ci-info: no authorized ssh keys fingerprints found for user ubuntu.
[   60.504503] cloud-init[1322]: Cloud-init v. 17.1 finished at Wed, 06 Dec 2017 14:54:51 +0000. Datasource DataSourceNoCloud [seed=/dev/sdb][dsmode=net].  Up 60.49 seconds
